[2026-04-19 11:50:08] local.ERROR: SQLSTATE[22001]: String data, right truncated: 1406 Data too long for column 'image_url' at row 1 (Connection: mysql, Host: 127.0.0.1, Port: 3306, Database: festival_makanan_jakobi, SQL: insert into `products` (`name`, `category`, `description`, `price`, `stock`, `image_url`, `is_available`, `updated_at`, `created_at`) values (Pecel Lele, Makanan, Ini adalah pecel lele dengan sambal matah yang mempesona, 10000, 20, https://www.google.com/imgres?q=pecel%20lele&imgurl=https%3A%2F%2Fasset.kompas.com%2Fcrops%2FEX6CU4GKK4ZvoqMgzwH5qeQPe9U%3D%2F0x1638%3A3376x3888%2F1200x800%2Fdata%2Fphoto%2F2022%2F12%2F05%2F638d95f329abe.jpg&imgrefurl=https%3A%2F%2Fwww.kompas.com%2Ffood%2Fread%2F2026%2F03%2F27%2F082404075%2Fresep-pecel-lele-sambal-lamongan-pedas-gurih-menu-praktis-setelah-lebaran&docid=PK4aDJG5UkjkUM&tbnid=hB37Ge94Zhr3ZM&vet=12ahUKEwj-zcW_7PmTAxXGSmwGHRwhJtkQnPAOegQIKhAB..i&w=1200&h=800&hcb=2&ved=2ahUKEwj-zcW_7PmTAxXGSmwGHRwhJtkQnPAOegQIKhAB, 1, 2026-04-19 11:50:08, 2026-04-19 11:50:08)) {"exception":"[object] (Illuminate\\Database\\QueryException(code: 22001): SQLSTATE[22001]: String data, right truncated: 1406 Data too long for column 'image_url' at row 1 (Connection: mysql, Host: 127.0.0.1, Port: 3306, Database: festival_makanan_jakobi, SQL: insert into `products` (`name`, `category`, `description`, `price`, `stock`, `image_url`, `is_available`, `updated_at`, `created_at`) values (Pecel Lele, Makanan, Ini adalah pecel lele dengan sambal matah yang mempesona, 10000, 20, https://www.google.com/imgres?q=pecel%20lele&imgurl=https%3A%2F%2Fasset.kompas.com%2Fcrops%2FEX6CU4GKK4ZvoqMgzwH5qeQPe9U%3D%2F0x1638%3A3376x3888%2F1200x800%2Fdata%2Fphoto%2F2022%2F12%2F05%2F638d95f329abe.jpg&imgrefurl=https%3A%2F%2Fwww.kompas.com%2Ffood%2Fread%2F2026%2F03%2F27%2F082404075%2Fresep-pecel-lele-sambal-lamongan-pedas-gurih-menu-praktis-setelah-lebaran&docid=PK4aDJG5UkjkUM&tbnid=hB37Ge94Zhr3ZM&vet=12ahUKEwj-zcW_7PmTAxXGSmwGHRwhJtkQnPAOegQIKhAB..i&w=1200&h=800&hcb=2&ved=2ahUKEwj-zcW_7PmTAxXGSmwGHRwhJtkQnPAOegQIKhAB, 1, 2026-04-19 11:50:08, 2026-04-19 11:50:08)) at D:/Master/Telkom University Purwokerto/Semester 6/Aplikasi Berbasis Platform/Praktikum/Joki/Reza/Modul11-13/vendor/laravel/framework/src/Illuminate/Database/Connection.php:838)
[stacktrace]
#0 D:/Master/Telkom University Purwokerto/Semester 6/Aplikasi Berbasis Platform/Praktikum/Joki/Reza/Modul11-13/vendor/laravel/framework/src/Illuminate/Database/Connection.php(794): Illuminate/Database/Connection->runQueryCallback('insert into `pr...', Array, Object(Closure))
#1 D:/Master/Telkom University Purwokerto/Semester 6/Aplikasi Berbasis Platform/Praktikum/Joki/Reza/Modul11-13/vendor/laravel/framework/src/Illuminate/Database/MySqlConnection.php(42): Illuminate/Database/Connection->run('insert into `pr...', Array, Object(Closure))
#2 D:/Master/Telkom University Purwokerto/Semester 6/Aplikasi Berbasis Platform/Praktikum/Joki/Reza/Modul11-13/vendor/laravel/framework/src/Illuminate/Database/Query/Processors/MySqlProcessor.php(35): Illuminate/Database/MySqlConnection->insert('insert into `pr...', Array, 'id')
#3 D:/Master/Telkom University Purwokerto/Semester 6/Aplikasi Berbasis Platform/Praktikum/Joki/Reza/Modul11-13/vendor/laravel/framework/src/Illuminate/Database/Query/Builder.php(4170): Illuminate/Database/Query/Processors/MySqlProcessor->processInsertGetId(Object(Illuminate/Database/Query/Builder), 'insert into `pr...', Array, 'id')
#4 D:/Master/Telkom University Purwokerto/Semester 6/Aplikasi Berbasis Platform/Praktikum/Joki/Reza/Modul11-13/vendor/laravel/framework/src/Illuminate/Database/Eloquent/Builder.php(2237): Illuminate/Database/Query/Builder->insertGetId(Array, 'id')
#5 D:/Master/Telkom University Purwokerto/Semester 6/Aplikasi Berbasis Platform/Praktikum/Joki/Reza/Modul11-13/vendor/laravel/framework/src/Illuminate/Database/Eloquent/Model.php(1436): Illuminate/Database/Eloquent/Builder->__call('insertGetId', Array)
#6 D:/Master/Telkom University Purwokerto/Semester 6/Aplikasi Berbasis Platform/Praktikum/Joki/Reza/Modul11-13/vendor/laravel/framework/src/Illuminate/Database/Eloquent/Model.php(1401): Illuminate/Database/Eloquent/Model->insertAndSetId(Object(Illuminate/Database/Eloquent/Builder), Array)
#7 D:/Master/Telkom University Purwokerto/Semester 6/Aplikasi Berbasis Platform/Praktikum/Joki/Reza/Modul11-13/vendor/laravel/framework/src/Illuminate/Database/Eloquent/Model.php(1240): Illuminate/Database/Eloquent/Model->performInsert(Object(Illuminate/Database/Eloquent/Builder))
#8 D:/Master/Telkom University Purwokerto/Semester 6/Aplikasi Berbasis Platform/Praktikum/Joki/Reza/Modul11-13/vendor/laravel/framework/src/Illuminate/Database/Eloquent/Builder.php(1219): Illuminate/Database/Eloquent/Model->save()
#9 D:/Master/Telkom University Purwokerto/Semester 6/Aplikasi Berbasis Platform/Praktikum/Joki/Reza/Modul11-13/vendor/laravel/framework/src/Illuminate/Support/helpers.php(393): Illuminate/Database/Eloquent/Builder->Illuminate/Database/Eloquent/{closure}(Object(App/Models/Product))
#10 D:/Master/Telkom University Purwokerto/Semester 6/Aplikasi Berbasis Platform/Praktikum/Joki/Reza/Modul11-13/vendor/laravel/framework/src/Illuminate/Database/Eloquent/Builder.php(1218): tap(Object(App/Models/Product), Object(Closure))
#11 D:/Master/Telkom University Purwokerto/Semester 6/Aplikasi Berbasis Platform/Praktikum/Joki/Reza/Modul11-13/vendor/laravel/framework/src/Illuminate/Support/Traits/ForwardsCalls.php(23): Illuminate/Database/Eloquent/Builder->create(Array)
#12 D:/Master/Telkom University Purwokerto/Semester 6/Aplikasi Berbasis Platform/Praktikum/Joki/Reza/Modul11-13/vendor/laravel/framework/src/Illuminate/Database/Eloquent/Model.php(2540): Illuminate/Database/Eloquent/Model->forwardCallTo(Object(Illuminate/Database/Eloquent/Builder), 'create', Array)
#13 D:/Master/Telkom University Purwokerto/Semester 6/Aplikasi Berbasis Platform/Praktikum/Joki/Reza/Modul11-13/vendor/laravel/framework/src/Illuminate/Database/Eloquent/Model.php(2556): Illuminate/Database/Eloquent/Model->__call('create', Array)
#14 D:/Master/Telkom University Purwokerto/Semester 6/Aplikasi Berbasis Platform/Praktikum/Joki/Reza/Modul11-13/app/Http/Controllers/ProductController.php(35): Illuminate/Database/Eloquent/Model::__callStatic('create', Array)
#15 D:/Master/Telkom University Purwokerto/Semester 6/Aplikasi Berbasis Platform/Praktikum/Joki/Reza/Modul11-13/vendor/laravel/framework/src/Illuminate/Routing/ControllerDispatcher.php(46): App/Http/Controllers/ProductController->store(Object(Illuminate/Http/Request))
#16 D:/Master/Telkom University Purwokerto/Semester 6/Aplikasi Berbasis Platform/Praktikum/Joki/Reza/Modul11-13/vendor/laravel/framework/src/Illuminate/Routing/Route.php(265): Illuminate/Routing/ControllerDispatcher->dispatch(Object(Illuminate/Routing/Route), Object(App/Http/Controllers/ProductController), 'store')
#17 D:/Master/Telkom University Purwokerto/Semester 6/Aplikasi Berbasis Platform/Praktikum/Joki/Reza/Modul11-13/vendor/laravel/framework/src/Illuminate/Routing/Route.php(211): Illuminate/Routing/Route->runController()
#18 D:/Master/Telkom University Purwokerto/Semester 6/Aplikasi Berbasis Platform/Praktikum/Joki/Reza/Modul11-13/vendor/laravel/framework/src/Illuminate/Routing/Router.php(822): Illuminate/Routing/Route->run()
#19 D:/Master/Telkom University Purwokerto/Semester 6/Aplikasi Berbasis Platform/Praktikum/Joki/Reza/Modul11-13/vendor/laravel/framework/src/Illuminate/Pipeline/Pipeline.php(180): Illuminate/Routing/Router->Illuminate/Routing/{closure}(Object(Illuminate/Http/Request))
#20 D:/Master/Telkom University Purwokerto/Semester 6/Aplikasi Berbasis Platform/Praktikum/Joki/Reza/Modul11-13/vendor/laravel/framework/src/Illuminate/Routing/Middleware/SubstituteBindings.php(50): Illuminate/Pipeline/Pipeline->Illuminate/Pipeline/{closure}(Object(Illuminate/Http/Request))
#21 D:/Master/Telkom University Purwokerto/Semester 6/Aplikasi Berbasis Platform/Praktikum/Joki/Reza/Modul11-13/vendor/laravel/framework/src/Illuminate/Pipeline/Pipeline.php(219): Illuminate/Routing/Middleware/SubstituteBindings->handle(Object(Illuminate/Http/Request), Object(Closure))
#22 D:/Master/Telkom University Purwokerto/Semester 6/Aplikasi Berbasis Platform/Praktikum/Joki/Reza/Modul11-13/vendor/laravel/framework/src/Illuminate/Foundation/Http/Middleware/VerifyCsrfToken.php(87): Illuminate/Pipeline/Pipeline->Illuminate/Pipeline/{closure}(Object(Illuminate/Http/Request))
#23 D:/Master/Telkom University Purwokerto/Semester 6/Aplikasi Berbasis Platform/Praktikum/Joki/Reza/Modul11-13/vendor/laravel/framework/src/Illuminate/Pipeline/Pipeline.php(219): Illuminate/Foundation/Http/Middleware/VerifyCsrfToken->handle(Object(Illuminate/Http/Request), Object(Closure))
#24 D:/Master/Telkom University Purwokerto/Semester 6/Aplikasi Berbasis Platform/Praktikum/Joki/Reza/Modul11-13/vendor/laravel/framework/src/Illuminate/View/Middleware/ShareErrorsFromSession.php(48): Illuminate/Pipeline/Pipeline->Illuminate/Pipeline/{closure}(Object(Illuminate/Http/Request))
#25 D:/Master/Telkom University Purwokerto/Semester 6/Aplikasi Berbasis Platform/Praktikum/Joki/Reza/Modul11-13/vendor/laravel/framework/src/Illuminate/Pipeline/Pipeline.php(219): Illuminate/View/Middleware/ShareErrorsFromSession->handle(Object(Illuminate/Http/Request), Object(Closure))
#26 D:/Master/Telkom University Purwokerto/Semester 6/Aplikasi Berbasis Platform/Praktikum/Joki/Reza/Modul11-13/vendor/laravel/framework/src/Illuminate/Session/Middleware/StartSession.php(120): Illuminate/Pipeline/Pipeline->Illuminate/Pipeline/{closure}(Object(Illuminate/Http/Request))
#27 D:/Master/Telkom University Purwokerto/Semester 6/Aplikasi Berbasis Platform/Praktikum/Joki/Reza/Modul11-13/vendor/laravel/framework/src/Illuminate/Session/Middleware/StartSession.php(63): Illuminate/Session/Middleware/StartSession->handleStatefulRequest(Object(Illuminate/Http/Request), Object(Illuminate/Session/Store), Object(Closure))
#28 D:/Master/Telkom University Purwokerto/Semester 6/Aplikasi Berbasis Platform/Praktikum/Joki/Reza/Modul11-13/vendor/laravel/framework/src/Illuminate/Pipeline/Pipeline.php(219): Illuminate/Session/Middleware/StartSession->handle(Object(Illuminate/Http/Request), Object(Closure))
#29 D:/Master/Telkom University Purwokerto/Semester 6/Aplikasi Berbasis Platform/Praktikum/Joki/Reza/Modul11-13/vendor/laravel/framework/src/Illuminate/Cookie/Middleware/AddQueuedCookiesToResponse.php(36): Illuminate/Pipeline/Pipeline->Illuminate/Pipeline/{closure}(Object(Illuminate/Http/Request))
#30 D:/Master/Telkom University Purwokerto/Semester 6/Aplikasi Berbasis Platform/Praktikum/Joki/Reza/Modul11-13/vendor/laravel/framework/src/Illuminate/Pipeline/Pipeline.php(219): Illuminate/Cookie/Middleware/AddQueuedCookiesToResponse->handle(Object(Illuminate/Http/Request), Object(Closure))
#31 D:/Master/Telkom University Purwokerto/Semester 6/Aplikasi Berbasis Platform/Praktikum/Joki/Reza/Modul11-13/vendor/laravel/framework/src/Illuminate/Cookie/Middleware/EncryptCookies.php(74): Illuminate/Pipeline/Pipeline->Illuminate/Pipeline/{closure}(Object(Illuminate/Http/Request))
#32 D:/Master/Telkom University Purwokerto/Semester 6/Aplikasi Berbasis Platform/Praktikum/Joki/Reza/Modul11-13/vendor/laravel/framework/src/Illuminate/Pipeline/Pipeline.php(219): Illuminate/Cookie/Middleware/EncryptCookies->handle(Object(Illuminate/Http/Request), Object(Closure))
#33 D:/Master/Telkom University Purwokerto/Semester 6/Aplikasi Berbasis Platform/Praktikum/Joki/Reza/Modul11-13/vendor/laravel/framework/src/Illuminate/Pipeline/Pipeline.php(137): Illuminate/Pipeline/Pipeline->Illuminate/Pipeline/{closure}(Object(Illuminate/Http/Request))
#34 D:/Master/Telkom University Purwokerto/Semester 6/Aplikasi Berbasis Platform/Praktikum/Joki/Reza/Modul11-13/vendor/laravel/framework/src/Illuminate/Routing/Router.php(821): Illuminate/Pipeline/Pipeline->then(Object(Closure))
#35 D:/Master/Telkom University Purwokerto/Semester 6/Aplikasi Berbasis Platform/Praktikum/Joki/Reza/Modul11-13/vendor/laravel/framework/src/Illuminate/Routing/Router.php(800): Illuminate/Routing/Router->runRouteWithinStack(Object(Illuminate/Routing/Route), Object(Illuminate/Http/Request))
#36 D:/Master/Telkom University Purwokerto/Semester 6/Aplikasi Berbasis Platform/Praktikum/Joki/Reza/Modul11-13/vendor/laravel/framework/src/Illuminate/Routing/Router.php(764): Illuminate/Routing/Router->runRoute(Object(Illuminate/Http/Request), Object(Illuminate/Routing/Route))
#37 D:/Master/Telkom University Purwokerto/Semester 6/Aplikasi Berbasis Platform/Praktikum/Joki/Reza/Modul11-13/vendor/laravel/framework/src/Illuminate/Routing/Router.php(753): Illuminate/Routing/Router->dispatchToRoute(Object(Illuminate/Http/Request))
#38 D:/Master/Telkom University Purwokerto/Semester 6/Aplikasi Berbasis Platform/Praktikum/Joki/Reza/Modul11-13/vendor/laravel/framework/src/Illuminate/Foundation/Http/Kernel.php(200): Illuminate/Routing/Router->dispatch(Object(Illuminate/Http/Request))
#39 D:/Master/Telkom University Purwokerto/Semester 6/Aplikasi Berbasis Platform/Praktikum/Joki/Reza/Modul11-13/vendor/laravel/framework/src/Illuminate/Pipeline/Pipeline.php(180): Illuminate/Foundation/Http/Kernel->Illuminate/Foundation/Http/{closure}(Object(Illuminate/Http/Request))
#40 D:/Master/Telkom University Purwokerto/Semester 6/Aplikasi Berbasis Platform/Praktikum/Joki/Reza/Modul11-13/vendor/laravel/framework/src/Illuminate/Foundation/Http/Middleware/TransformsRequest.php(21): Illuminate/Pipeline/Pipeline->Illuminate/Pipeline/{closure}(Object(Illuminate/Http/Request))
#41 D:/Master/Telkom University Purwokerto/Semester 6/Aplikasi Berbasis Platform/Praktikum/Joki/Reza/Modul11-13/vendor/laravel/framework/src/Illuminate/Foundation/Http/Middleware/ConvertEmptyStringsToNull.php(31): Illuminate/Foundation/Http/Middleware/TransformsRequest->handle(Object(Illuminate/Http/Request), Object(Closure))
#42 D:/Master/Telkom University Purwokerto/Semester 6/Aplikasi Berbasis Platform/Praktikum/Joki/Reza/Modul11-13/vendor/laravel/framework/src/Illuminate/Pipeline/Pipeline.php(219): Illuminate/Foundation/Http/Middleware/ConvertEmptyStringsToNull->handle(Object(Illuminate/Http/Request), Object(Closure))
#43 D:/Master/Telkom University Purwokerto/Semester 6/Aplikasi Berbasis Platform/Praktikum/Joki/Reza/Modul11-13/vendor/laravel/framework/src/Illuminate/Foundation/Http/Middleware/TransformsRequest.php(21): Illuminate/Pipeline/Pipeline->Illuminate/Pipeline/{closure}(Object(Illuminate/Http/Request))
#44 D:/Master/Telkom University Purwokerto/Semester 6/Aplikasi Berbasis Platform/Praktikum/Joki/Reza/Modul11-13/vendor/laravel/framework/src/Illuminate/Foundation/Http/Middleware/TrimStrings.php(51): Illuminate/Foundation/Http/Middleware/TransformsRequest->handle(Object(Illuminate/Http/Request), Object(Closure))
#45 D:/Master/Telkom University Purwokerto/Semester 6/Aplikasi Berbasis Platform/Praktikum/Joki/Reza/Modul11-13/vendor/laravel/framework/src/Illuminate/Pipeline/Pipeline.php(219): Illuminate/Foundation/Http/Middleware/TrimStrings->handle(Object(Illuminate/Http/Request), Object(Closure))
#46 D:/Master/Telkom University Purwokerto/Semester 6/Aplikasi Berbasis Platform/Praktikum/Joki/Reza/Modul11-13/vendor/laravel/framework/src/Illuminate/Http/Middleware/ValidatePostSize.php(27): Illuminate/Pipeline/Pipeline->Illuminate/Pipeline/{closure}(Object(Illuminate/Http/Request))
#47 D:/Master/Telkom University Purwokerto/Semester 6/Aplikasi Berbasis Platform/Praktikum/Joki/Reza/Modul11-13/vendor/laravel/framework/src/Illuminate/Pipeline/Pipeline.php(219): Illuminate/Http/Middleware/ValidatePostSize->handle(Object(Illuminate/Http/Request), Object(Closure))
#48 D:/Master/Telkom University Purwokerto/Semester 6/Aplikasi Berbasis Platform/Praktikum/Joki/Reza/Modul11-13/vendor/laravel/framework/src/Illuminate/Foundation/Http/Middleware/PreventRequestsDuringMaintenance.php(109): Illuminate/Pipeline/Pipeline->Illuminate/Pipeline/{closure}(Object(Illuminate/Http/Request))
#49 D:/Master/Telkom University Purwokerto/Semester 6/Aplikasi Berbasis Platform/Praktikum/Joki/Reza/Modul11-13/vendor/laravel/framework/src/Illuminate/Pipeline/Pipeline.php(219): Illuminate/Foundation/Http/Middleware/PreventRequestsDuringMaintenance->handle(Object(Illuminate/Http/Request), Object(Closure))
#50 D:/Master/Telkom University Purwokerto/Semester 6/Aplikasi Berbasis Platform/Praktikum/Joki/Reza/Modul11-13/vendor/laravel/framework/src/Illuminate/Http/Middleware/HandleCors.php(61): Illuminate/Pipeline/Pipeline->Illuminate/Pipeline/{closure}(Object(Illuminate/Http/Request))
#51 D:/Master/Telkom University Purwokerto/Semester 6/Aplikasi Berbasis Platform/Praktikum/Joki/Reza/Modul11-13/vendor/laravel/framework/src/Illuminate/Pipeline/Pipeline.php(219): Illuminate/Http/Middleware/HandleCors->handle(Object(Illuminate/Http/Request), Object(Closure))
#52 D:/Master/Telkom University Purwokerto/Semester 6/Aplikasi Berbasis Platform/Praktikum/Joki/Reza/Modul11-13/vendor/laravel/framework/src/Illuminate/Http/Middleware/TrustProxies.php(58): Illuminate/Pipeline/Pipeline->Illuminate/Pipeline/{closure}(Object(Illuminate/Http/Request))
#53 D:/Master/Telkom University Purwokerto/Semester 6/Aplikasi Berbasis Platform/Praktikum/Joki/Reza/Modul11-13/vendor/laravel/framework/src/Illuminate/Pipeline/Pipeline.php(219): Illuminate/Http/Middleware/TrustProxies->handle(Object(Illuminate/Http/Request), Object(Closure))
#54 D:/Master/Telkom University Purwokerto/Semester 6/Aplikasi Berbasis Platform/Praktikum/Joki/Reza/Modul11-13/vendor/laravel/framework/src/Illuminate/Foundation/Http/Middleware/InvokeDeferredCallbacks.php(22): Illuminate/Pipeline/Pipeline->Illuminate/Pipeline/{closure}(Object(Illuminate/Http/Request))
#55 D:/Master/Telkom University Purwokerto/Semester 6/Aplikasi Berbasis Platform/Praktikum/Joki/Reza/Modul11-13/vendor/laravel/framework/src/Illuminate/Pipeline/Pipeline.php(219): Illuminate/Foundation/Http/Middleware/InvokeDeferredCallbacks->handle(Object(Illuminate/Http/Request), Object(Closure))
#56 D:/Master/Telkom University Purwokerto/Semester 6/Aplikasi Berbasis Platform/Praktikum/Joki/Reza/Modul11-13/vendor/laravel/framework/src/Illuminate/Http/Middleware/ValidatePathEncoding.php(26): Illuminate/Pipeline/Pipeline->Illuminate/Pipeline/{closure}(Object(Illuminate/Http/Request))
#57 D:/Master/Telkom University Purwokerto/Semester 6/Aplikasi Berbasis Platform/Praktikum/Joki/Reza/Modul11-13/vendor/laravel/framework/src/Illuminate/Pipeline/Pipeline.php(219): Illuminate/Http/Middleware/ValidatePathEncoding->handle(Object(Illuminate/Http/Request), Object(Closure))
#58 D:/Master/Telkom University Purwokerto/Semester 6/Aplikasi Berbasis Platform/Praktikum/Joki/Reza/Modul11-13/vendor/laravel/framework/src/Illuminate/Pipeline/Pipeline.php(137): Illuminate/Pipeline/Pipeline->Illuminate/Pipeline/{closure}(Object(Illuminate/Http/Request))
#59 D:/Master/Telkom University Purwokerto/Semester 6/Aplikasi Berbasis Platform/Praktikum/Joki/Reza/Modul11-13/vendor/laravel/framework/src/Illuminate/Foundation/Http/Kernel.php(175): Illuminate/Pipeline/Pipeline->then(Object(Closure))
#60 D:/Master/Telkom University Purwokerto/Semester 6/Aplikasi Berbasis Platform/Praktikum/Joki/Reza/Modul11-13/vendor/laravel/framework/src/Illuminate/Foundation/Http/Kernel.php(144): Illuminate/Foundation/Http/Kernel->sendRequestThroughRouter(Object(Illuminate/Http/Request))
#61 D:/Master/Telkom University Purwokerto/Semester 6/Aplikasi Berbasis Platform/Praktikum/Joki/Reza/Modul11-13/vendor/laravel/framework/src/Illuminate/Foundation/Application.php(1220): Illuminate/Foundation/Http/Kernel->handle(Object(Illuminate/Http/Request))
#62 D:/Master/Telkom University Purwokerto/Semester 6/Aplikasi Berbasis Platform/Praktikum/Joki/Reza/Modul11-13/public/index.php(20): Illuminate/Foundation/Application->handleRequest(Object(Illuminate/Http/Request))
#63 D:/Master/Telkom University Purwokerto/Semester 6/Aplikasi Berbasis Platform/Praktikum/Joki/Reza/Modul11-13/vendor/laravel/framework/src/Illuminate/Foundation/resources/server.php(23): require_once('D://Master//Telko...')
#64 {main}

[previous exception] [object] (PDOException(code: 22001): SQLSTATE[22001]: String data, right truncated: 1406 Data too long for column 'image_url' at row 1 at D:/Master/Telkom University Purwokerto/Semester 6/Aplikasi Berbasis Platform/Praktikum/Joki/Reza/Modul11-13/vendor/laravel/framework/src/Illuminate/Database/MySqlConnection.php:53)
[stacktrace]
#0 D:/Master/Telkom University Purwokerto/Semester 6/Aplikasi Berbasis Platform/Praktikum/Joki/Reza/Modul11-13/vendor/laravel/framework/src/Illuminate/Database/MySqlConnection.php(53): PDOStatement->execute()
#1 D:/Master/Telkom University Purwokerto/Semester 6/Aplikasi Berbasis Platform/Praktikum/Joki/Reza/Modul11-13/vendor/laravel/framework/src/Illuminate/Database/Connection.php(827): Illuminate/Database/MySqlConnection->Illuminate/Database/{closure}('insert into `pr...', Array)
#2 D:/Master/Telkom University Purwokerto/Semester 6/Aplikasi Berbasis Platform/Praktikum/Joki/Reza/Modul11-13/vendor/laravel/framework/src/Illuminate/Database/Connection.php(794): Illuminate/Database/Connection->runQueryCallback('insert into `pr...', Array, Object(Closure))
#3 D:/Master/Telkom University Purwokerto/Semester 6/Aplikasi Berbasis Platform/Praktikum/Joki/Reza/Modul11-13/vendor/laravel/framework/src/Illuminate/Database/MySqlConnection.php(42): Illuminate/Database/Connection->run('insert into `pr...', Array, Object(Closure))
#4 D:/Master/Telkom University Purwokerto/Semester 6/Aplikasi Berbasis Platform/Praktikum/Joki/Reza/Modul11-13/vendor/laravel/framework/src/Illuminate/Database/Query/Processors/MySqlProcessor.php(35): Illuminate/Database/MySqlConnection->insert('insert into `pr...', Array, 'id')
#5 D:/Master/Telkom University Purwokerto/Semester 6/Aplikasi Berbasis Platform/Praktikum/Joki/Reza/Modul11-13/vendor/laravel/framework/src/Illuminate/Database/Query/Builder.php(4170): Illuminate/Database/Query/Processors/MySqlProcessor->processInsertGetId(Object(Illuminate/Database/Query/Builder), 'insert into `pr...', Array, 'id')
#6 D:/Master/Telkom University Purwokerto/Semester 6/Aplikasi Berbasis Platform/Praktikum/Joki/Reza/Modul11-13/vendor/laravel/framework/src/Illuminate/Database/Eloquent/Builder.php(2237): Illuminate/Database/Query/Builder->insertGetId(Array, 'id')
#7 D:/Master/Telkom University Purwokerto/Semester 6/Aplikasi Berbasis Platform/Praktikum/Joki/Reza/Modul11-13/vendor/laravel/framework/src/Illuminate/Database/Eloquent/Model.php(1436): Illuminate/Database/Eloquent/Builder->__call('insertGetId', Array)
#8 D:/Master/Telkom University Purwokerto/Semester 6/Aplikasi Berbasis Platform/Praktikum/Joki/Reza/Modul11-13/vendor/laravel/framework/src/Illuminate/Database/Eloquent/Model.php(1401): Illuminate/Database/Eloquent/Model->insertAndSetId(Object(Illuminate/Database/Eloquent/Builder), Array)
#9 D:/Master/Telkom University Purwokerto/Semester 6/Aplikasi Berbasis Platform/Praktikum/Joki/Reza/Modul11-13/vendor/laravel/framework/src/Illuminate/Database/Eloquent/Model.php(1240): Illuminate/Database/Eloquent/Model->performInsert(Object(Illuminate/Database/Eloquent/Builder))
#10 D:/Master/Telkom University Purwokerto/Semester 6/Aplikasi Berbasis Platform/Praktikum/Joki/Reza/Modul11-13/vendor/laravel/framework/src/Illuminate/Database/Eloquent/Builder.php(1219): Illuminate/Database/Eloquent/Model->save()
#11 D:/Master/Telkom University Purwokerto/Semester 6/Aplikasi Berbasis Platform/Praktikum/Joki/Reza/Modul11-13/vendor/laravel/framework/src/Illuminate/Support/helpers.php(393): Illuminate/Database/Eloquent/Builder->Illuminate/Database/Eloquent/{closure}(Object(App/Models/Product))
#12 D:/Master/Telkom University Purwokerto/Semester 6/Aplikasi Berbasis Platform/Praktikum/Joki/Reza/Modul11-13/vendor/laravel/framework/src/Illuminate/Database/Eloquent/Builder.php(1218): tap(Object(App/Models/Product), Object(Closure))
#13 D:/Master/Telkom University Purwokerto/Semester 6/Aplikasi Berbasis Platform/Praktikum/Joki/Reza/Modul11-13/vendor/laravel/framework/src/Illuminate/Support/Traits/ForwardsCalls.php(23): Illuminate/Database/Eloquent/Builder->create(Array)
#14 D:/Master/Telkom University Purwokerto/Semester 6/Aplikasi Berbasis Platform/Praktikum/Joki/Reza/Modul11-13/vendor/laravel/framework/src/Illuminate/Database/Eloquent/Model.php(2540): Illuminate/Database/Eloquent/Model->forwardCallTo(Object(Illuminate/Database/Eloquent/Builder), 'create', Array)
#15 D:/Master/Telkom University Purwokerto/Semester 6/Aplikasi Berbasis Platform/Praktikum/Joki/Reza/Modul11-13/vendor/laravel/framework/src/Illuminate/Database/Eloquent/Model.php(2556): Illuminate/Database/Eloquent/Model->__call('create', Array)
#16 D:/Master/Telkom University Purwokerto/Semester 6/Aplikasi Berbasis Platform/Praktikum/Joki/Reza/Modul11-13/app/Http/Controllers/ProductController.php(35): Illuminate/Database/Eloquent/Model::__callStatic('create', Array)
#17 D:/Master/Telkom University Purwokerto/Semester 6/Aplikasi Berbasis Platform/Praktikum/Joki/Reza/Modul11-13/vendor/laravel/framework/src/Illuminate/Routing/ControllerDispatcher.php(46): App/Http/Controllers/ProductController->store(Object(Illuminate/Http/Request))
#18 D:/Master/Telkom University Purwokerto/Semester 6/Aplikasi Berbasis Platform/Praktikum/Joki/Reza/Modul11-13/vendor/laravel/framework/src/Illuminate/Routing/Route.php(265): Illuminate/Routing/ControllerDispatcher->dispatch(Object(Illuminate/Routing/Route), Object(App/Http/Controllers/ProductController), 'store')
#19 D:/Master/Telkom University Purwokerto/Semester 6/Aplikasi Berbasis Platform/Praktikum/Joki/Reza/Modul11-13/vendor/laravel/framework/src/Illuminate/Routing/Route.php(211): Illuminate/Routing/Route->runController()
#20 D:/Master/Telkom University Purwokerto/Semester 6/Aplikasi Berbasis Platform/Praktikum/Joki/Reza/Modul11-13/vendor/laravel/framework/src/Illuminate/Routing/Router.php(822): Illuminate/Routing/Route->run()
#21 D:/Master/Telkom University Purwokerto/Semester 6/Aplikasi Berbasis Platform/Praktikum/Joki/Reza/Modul11-13/vendor/laravel/framework/src/Illuminate/Pipeline/Pipeline.php(180): Illuminate/Routing/Router->Illuminate/Routing/{closure}(Object(Illuminate/Http/Request))
#22 D:/Master/Telkom University Purwokerto/Semester 6/Aplikasi Berbasis Platform/Praktikum/Joki/Reza/Modul11-13/vendor/laravel/framework/src/Illuminate/Routing/Middleware/SubstituteBindings.php(50): Illuminate/Pipeline/Pipeline->Illuminate/Pipeline/{closure}(Object(Illuminate/Http/Request))
#23 D:/Master/Telkom University Purwokerto/Semester 6/Aplikasi Berbasis Platform/Praktikum/Joki/Reza/Modul11-13/vendor/laravel/framework/src/Illuminate/Pipeline/Pipeline.php(219): Illuminate/Routing/Middleware/SubstituteBindings->handle(Object(Illuminate/Http/Request), Object(Closure))
#24 D:/Master/Telkom University Purwokerto/Semester 6/Aplikasi Berbasis Platform/Praktikum/Joki/Reza/Modul11-13/vendor/laravel/framework/src/Illuminate/Foundation/Http/Middleware/VerifyCsrfToken.php(87): Illuminate/Pipeline/Pipeline->Illuminate/Pipeline/{closure}(Object(Illuminate/Http/Request))
#25 D:/Master/Telkom University Purwokerto/Semester 6/Aplikasi Berbasis Platform/Praktikum/Joki/Reza/Modul11-13/vendor/laravel/framework/src/Illuminate/Pipeline/Pipeline.php(219): Illuminate/Foundation/Http/Middleware/VerifyCsrfToken->handle(Object(Illuminate/Http/Request), Object(Closure))
#26 D:/Master/Telkom University Purwokerto/Semester 6/Aplikasi Berbasis Platform/Praktikum/Joki/Reza/Modul11-13/vendor/laravel/framework/src/Illuminate/View/Middleware/ShareErrorsFromSession.php(48): Illuminate/Pipeline/Pipeline->Illuminate/Pipeline/{closure}(Object(Illuminate/Http/Request))
#27 D:/Master/Telkom University Purwokerto/Semester 6/Aplikasi Berbasis Platform/Praktikum/Joki/Reza/Modul11-13/vendor/laravel/framework/src/Illuminate/Pipeline/Pipeline.php(219): Illuminate/View/Middleware/ShareErrorsFromSession->handle(Object(Illuminate/Http/Request), Object(Closure))
#28 D:/Master/Telkom University Purwokerto/Semester 6/Aplikasi Berbasis Platform/Praktikum/Joki/Reza/Modul11-13/vendor/laravel/framework/src/Illuminate/Session/Middleware/StartSession.php(120): Illuminate/Pipeline/Pipeline->Illuminate/Pipeline/{closure}(Object(Illuminate/Http/Request))
#29 D:/Master/Telkom University Purwokerto/Semester 6/Aplikasi Berbasis Platform/Praktikum/Joki/Reza/Modul11-13/vendor/laravel/framework/src/Illuminate/Session/Middleware/StartSession.php(63): Illuminate/Session/Middleware/StartSession->handleStatefulRequest(Object(Illuminate/Http/Request), Object(Illuminate/Session/Store), Object(Closure))
#30 D:/Master/Telkom University Purwokerto/Semester 6/Aplikasi Berbasis Platform/Praktikum/Joki/Reza/Modul11-13/vendor/laravel/framework/src/Illuminate/Pipeline/Pipeline.php(219): Illuminate/Session/Middleware/StartSession->handle(Object(Illuminate/Http/Request), Object(Closure))
#31 D:/Master/Telkom University Purwokerto/Semester 6/Aplikasi Berbasis Platform/Praktikum/Joki/Reza/Modul11-13/vendor/laravel/framework/src/Illuminate/Cookie/Middleware/AddQueuedCookiesToResponse.php(36): Illuminate/Pipeline/Pipeline->Illuminate/Pipeline/{closure}(Object(Illuminate/Http/Request))
#32 D:/Master/Telkom University Purwokerto/Semester 6/Aplikasi Berbasis Platform/Praktikum/Joki/Reza/Modul11-13/vendor/laravel/framework/src/Illuminate/Pipeline/Pipeline.php(219): Illuminate/Cookie/Middleware/AddQueuedCookiesToResponse->handle(Object(Illuminate/Http/Request), Object(Closure))
#33 D:/Master/Telkom University Purwokerto/Semester 6/Aplikasi Berbasis Platform/Praktikum/Joki/Reza/Modul11-13/vendor/laravel/framework/src/Illuminate/Cookie/Middleware/EncryptCookies.php(74): Illuminate/Pipeline/Pipeline->Illuminate/Pipeline/{closure}(Object(Illuminate/Http/Request))
#34 D:/Master/Telkom University Purwokerto/Semester 6/Aplikasi Berbasis Platform/Praktikum/Joki/Reza/Modul11-13/vendor/laravel/framework/src/Illuminate/Pipeline/Pipeline.php(219): Illuminate/Cookie/Middleware/EncryptCookies->handle(Object(Illuminate/Http/Request), Object(Closure))
#35 D:/Master/Telkom University Purwokerto/Semester 6/Aplikasi Berbasis Platform/Praktikum/Joki/Reza/Modul11-13/vendor/laravel/framework/src/Illuminate/Pipeline/Pipeline.php(137): Illuminate/Pipeline/Pipeline->Illuminate/Pipeline/{closure}(Object(Illuminate/Http/Request))
#36 D:/Master/Telkom University Purwokerto/Semester 6/Aplikasi Berbasis Platform/Praktikum/Joki/Reza/Modul11-13/vendor/laravel/framework/src/Illuminate/Routing/Router.php(821): Illuminate/Pipeline/Pipeline->then(Object(Closure))
#37 D:/Master/Telkom University Purwokerto/Semester 6/Aplikasi Berbasis Platform/Praktikum/Joki/Reza/Modul11-13/vendor/laravel/framework/src/Illuminate/Routing/Router.php(800): Illuminate/Routing/Router->runRouteWithinStack(Object(Illuminate/Routing/Route), Object(Illuminate/Http/Request))
#38 D:/Master/Telkom University Purwokerto/Semester 6/Aplikasi Berbasis Platform/Praktikum/Joki/Reza/Modul11-13/vendor/laravel/framework/src/Illuminate/Routing/Router.php(764): Illuminate/Routing/Router->runRoute(Object(Illuminate/Http/Request), Object(Illuminate/Routing/Route))
#39 D:/Master/Telkom University Purwokerto/Semester 6/Aplikasi Berbasis Platform/Praktikum/Joki/Reza/Modul11-13/vendor/laravel/framework/src/Illuminate/Routing/Router.php(753): Illuminate/Routing/Router->dispatchToRoute(Object(Illuminate/Http/Request))
#40 D:/Master/Telkom University Purwokerto/Semester 6/Aplikasi Berbasis Platform/Praktikum/Joki/Reza/Modul11-13/vendor/laravel/framework/src/Illuminate/Foundation/Http/Kernel.php(200): Illuminate/Routing/Router->dispatch(Object(Illuminate/Http/Request))
#41 D:/Master/Telkom University Purwokerto/Semester 6/Aplikasi Berbasis Platform/Praktikum/Joki/Reza/Modul11-13/vendor/laravel/framework/src/Illuminate/Pipeline/Pipeline.php(180): Illuminate/Foundation/Http/Kernel->Illuminate/Foundation/Http/{closure}(Object(Illuminate/Http/Request))
#42 D:/Master/Telkom University Purwokerto/Semester 6/Aplikasi Berbasis Platform/Praktikum/Joki/Reza/Modul11-13/vendor/laravel/framework/src/Illuminate/Foundation/Http/Middleware/TransformsRequest.php(21): Illuminate/Pipeline/Pipeline->Illuminate/Pipeline/{closure}(Object(Illuminate/Http/Request))
#43 D:/Master/Telkom University Purwokerto/Semester 6/Aplikasi Berbasis Platform/Praktikum/Joki/Reza/Modul11-13/vendor/laravel/framework/src/Illuminate/Foundation/Http/Middleware/ConvertEmptyStringsToNull.php(31): Illuminate/Foundation/Http/Middleware/TransformsRequest->handle(Object(Illuminate/Http/Request), Object(Closure))
#44 D:/Master/Telkom University Purwokerto/Semester 6/Aplikasi Berbasis Platform/Praktikum/Joki/Reza/Modul11-13/vendor/laravel/framework/src/Illuminate/Pipeline/Pipeline.php(219): Illuminate/Foundation/Http/Middleware/ConvertEmptyStringsToNull->handle(Object(Illuminate/Http/Request), Object(Closure))
#45 D:/Master/Telkom University Purwokerto/Semester 6/Aplikasi Berbasis Platform/Praktikum/Joki/Reza/Modul11-13/vendor/laravel/framework/src/Illuminate/Foundation/Http/Middleware/TransformsRequest.php(21): Illuminate/Pipeline/Pipeline->Illuminate/Pipeline/{closure}(Object(Illuminate/Http/Request))
#46 D:/Master/Telkom University Purwokerto/Semester 6/Aplikasi Berbasis Platform/Praktikum/Joki/Reza/Modul11-13/vendor/laravel/framework/src/Illuminate/Foundation/Http/Middleware/TrimStrings.php(51): Illuminate/Foundation/Http/Middleware/TransformsRequest->handle(Object(Illuminate/Http/Request), Object(Closure))
#47 D:/Master/Telkom University Purwokerto/Semester 6/Aplikasi Berbasis Platform/Praktikum/Joki/Reza/Modul11-13/vendor/laravel/framework/src/Illuminate/Pipeline/Pipeline.php(219): Illuminate/Foundation/Http/Middleware/TrimStrings->handle(Object(Illuminate/Http/Request), Object(Closure))
#48 D:/Master/Telkom University Purwokerto/Semester 6/Aplikasi Berbasis Platform/Praktikum/Joki/Reza/Modul11-13/vendor/laravel/framework/src/Illuminate/Http/Middleware/ValidatePostSize.php(27): Illuminate/Pipeline/Pipeline->Illuminate/Pipeline/{closure}(Object(Illuminate/Http/Request))
#49 D:/Master/Telkom University Purwokerto/Semester 6/Aplikasi Berbasis Platform/Praktikum/Joki/Reza/Modul11-13/vendor/laravel/framework/src/Illuminate/Pipeline/Pipeline.php(219): Illuminate/Http/Middleware/ValidatePostSize->handle(Object(Illuminate/Http/Request), Object(Closure))
#50 D:/Master/Telkom University Purwokerto/Semester 6/Aplikasi Berbasis Platform/Praktikum/Joki/Reza/Modul11-13/vendor/laravel/framework/src/Illuminate/Foundation/Http/Middleware/PreventRequestsDuringMaintenance.php(109): Illuminate/Pipeline/Pipeline->Illuminate/Pipeline/{closure}(Object(Illuminate/Http/Request))
#51 D:/Master/Telkom University Purwokerto/Semester 6/Aplikasi Berbasis Platform/Praktikum/Joki/Reza/Modul11-13/vendor/laravel/framework/src/Illuminate/Pipeline/Pipeline.php(219): Illuminate/Foundation/Http/Middleware/PreventRequestsDuringMaintenance->handle(Object(Illuminate/Http/Request), Object(Closure))
#52 D:/Master/Telkom University Purwokerto/Semester 6/Aplikasi Berbasis Platform/Praktikum/Joki/Reza/Modul11-13/vendor/laravel/framework/src/Illuminate/Http/Middleware/HandleCors.php(61): Illuminate/Pipeline/Pipeline->Illuminate/Pipeline/{closure}(Object(Illuminate/Http/Request))
#53 D:/Master/Telkom University Purwokerto/Semester 6/Aplikasi Berbasis Platform/Praktikum/Joki/Reza/Modul11-13/vendor/laravel/framework/src/Illuminate/Pipeline/Pipeline.php(219): Illuminate/Http/Middleware/HandleCors->handle(Object(Illuminate/Http/Request), Object(Closure))
#54 D:/Master/Telkom University Purwokerto/Semester 6/Aplikasi Berbasis Platform/Praktikum/Joki/Reza/Modul11-13/vendor/laravel/framework/src/Illuminate/Http/Middleware/TrustProxies.php(58): Illuminate/Pipeline/Pipeline->Illuminate/Pipeline/{closure}(Object(Illuminate/Http/Request))
#55 D:/Master/Telkom University Purwokerto/Semester 6/Aplikasi Berbasis Platform/Praktikum/Joki/Reza/Modul11-13/vendor/laravel/framework/src/Illuminate/Pipeline/Pipeline.php(219): Illuminate/Http/Middleware/TrustProxies->handle(Object(Illuminate/Http/Request), Object(Closure))
#56 D:/Master/Telkom University Purwokerto/Semester 6/Aplikasi Berbasis Platform/Praktikum/Joki/Reza/Modul11-13/vendor/laravel/framework/src/Illuminate/Foundation/Http/Middleware/InvokeDeferredCallbacks.php(22): Illuminate/Pipeline/Pipeline->Illuminate/Pipeline/{closure}(Object(Illuminate/Http/Request))
#57 D:/Master/Telkom University Purwokerto/Semester 6/Aplikasi Berbasis Platform/Praktikum/Joki/Reza/Modul11-13/vendor/laravel/framework/src/Illuminate/Pipeline/Pipeline.php(219): Illuminate/Foundation/Http/Middleware/InvokeDeferredCallbacks->handle(Object(Illuminate/Http/Request), Object(Closure))
#58 D:/Master/Telkom University Purwokerto/Semester 6/Aplikasi Berbasis Platform/Praktikum/Joki/Reza/Modul11-13/vendor/laravel/framework/src/Illuminate/Http/Middleware/ValidatePathEncoding.php(26): Illuminate/Pipeline/Pipeline->Illuminate/Pipeline/{closure}(Object(Illuminate/Http/Request))
#59 D:/Master/Telkom University Purwokerto/Semester 6/Aplikasi Berbasis Platform/Praktikum/Joki/Reza/Modul11-13/vendor/laravel/framework/src/Illuminate/Pipeline/Pipeline.php(219): Illuminate/Http/Middleware/ValidatePathEncoding->handle(Object(Illuminate/Http/Request), Object(Closure))
#60 D:/Master/Telkom University Purwokerto/Semester 6/Aplikasi Berbasis Platform/Praktikum/Joki/Reza/Modul11-13/vendor/laravel/framework/src/Illuminate/Pipeline/Pipeline.php(137): Illuminate/Pipeline/Pipeline->Illuminate/Pipeline/{closure}(Object(Illuminate/Http/Request))
#61 D:/Master/Telkom University Purwokerto/Semester 6/Aplikasi Berbasis Platform/Praktikum/Joki/Reza/Modul11-13/vendor/laravel/framework/src/Illuminate/Foundation/Http/Kernel.php(175): Illuminate/Pipeline/Pipeline->then(Object(Closure))
#62 D:/Master/Telkom University Purwokerto/Semester 6/Aplikasi Berbasis Platform/Praktikum/Joki/Reza/Modul11-13/vendor/laravel/framework/src/Illuminate/Foundation/Http/Kernel.php(144): Illuminate/Foundation/Http/Kernel->sendRequestThroughRouter(Object(Illuminate/Http/Request))
#63 D:/Master/Telkom University Purwokerto/Semester 6/Aplikasi Berbasis Platform/Praktikum/Joki/Reza/Modul11-13/vendor/laravel/framework/src/Illuminate/Foundation/Application.php(1220): Illuminate/Foundation/Http/Kernel->handle(Object(Illuminate/Http/Request))
#64 D:/Master/Telkom University Purwokerto/Semester 6/Aplikasi Berbasis Platform/Praktikum/Joki/Reza/Modul11-13/public/index.php(20): Illuminate/Foundation/Application->handleRequest(Object(Illuminate/Http/Request))
#65 D:/Master/Telkom University Purwokerto/Semester 6/Aplikasi Berbasis Platform/Praktikum/Joki/Reza/Modul11-13/vendor/laravel/framework/src/Illuminate/Foundation/resources/server.php(23): require_once('D://Master//Telko...')
#66 {main}
"} 
