[2026-04-19 06:39:43] local.ERROR: SQLSTATE[HY000] [2002] No connection could be made because the target machine actively refused it (Connection: mysql, Host: 127.0.0.1, Port: 3306, Database: ngawi_food_festival, SQL: select exists (select 1 from information_schema.tables where table_schema = schema() and table_name = 'migrations' and table_type in ('BASE TABLE', 'SYSTEM VERSIONED')) as `exists`) {"exception":"[object] (Illuminate\\Database\\QueryException(code: 2002): SQLSTATE[HY000] [2002] No connection could be made because the target machine actively refused it (Connection: mysql, Host: 127.0.0.1, Port: 3306, Database: ngawi_food_festival, SQL: select exists (select 1 from information_schema.tables where table_schema = schema() and table_name = 'migrations' and table_type in ('BASE TABLE', 'SYSTEM VERSIONED')) as `exists`) at D:/Master/Telkom University Purwokerto/Semester 6/Aplikasi Berbasis Platform/Praktikum/Joki/Wildan/Modul11-13/vendor/laravel/framework/src/Illuminate/Database/Connection.php:838)
[stacktrace]
#0 D:/Master/Telkom University Purwokerto/Semester 6/Aplikasi Berbasis Platform/Praktikum/Joki/Wildan/Modul11-13/vendor/laravel/framework/src/Illuminate/Database/Connection.php(999): Illuminate/Database/Connection->runQueryCallback('select exists (...', Array, Object(Closure))
#1 D:/Master/Telkom University Purwokerto/Semester 6/Aplikasi Berbasis Platform/Praktikum/Joki/Wildan/Modul11-13/vendor/laravel/framework/src/Illuminate/Database/Connection.php(978): Illuminate/Database/Connection->tryAgainIfCausedByLostConnection(Object(Illuminate/Database/QueryException), 'select exists (...', Array, Object(Closure))
#2 D:/Master/Telkom University Purwokerto/Semester 6/Aplikasi Berbasis Platform/Praktikum/Joki/Wildan/Modul11-13/vendor/laravel/framework/src/Illuminate/Database/Connection.php(796): Illuminate/Database/Connection->handleQueryException(Object(Illuminate/Database/QueryException), 'select exists (...', Array, Object(Closure))
#3 D:/Master/Telkom University Purwokerto/Semester 6/Aplikasi Berbasis Platform/Praktikum/Joki/Wildan/Modul11-13/vendor/laravel/framework/src/Illuminate/Database/Connection.php(411): Illuminate/Database/Connection->run('select exists (...', Array, Object(Closure))
#4 D:/Master/Telkom University Purwokerto/Semester 6/Aplikasi Berbasis Platform/Praktikum/Joki/Wildan/Modul11-13/vendor/laravel/framework/src/Illuminate/Database/Connection.php(357): Illuminate/Database/Connection->select('select exists (...', Array, true)
#5 D:/Master/Telkom University Purwokerto/Semester 6/Aplikasi Berbasis Platform/Praktikum/Joki/Wildan/Modul11-13/vendor/laravel/framework/src/Illuminate/Database/Connection.php(374): Illuminate/Database/Connection->selectOne('select exists (...', Array, true)
#6 D:/Master/Telkom University Purwokerto/Semester 6/Aplikasi Berbasis Platform/Praktikum/Joki/Wildan/Modul11-13/vendor/laravel/framework/src/Illuminate/Database/Schema/Builder.php(176): Illuminate/Database/Connection->scalar('select exists (...')
#7 D:/Master/Telkom University Purwokerto/Semester 6/Aplikasi Berbasis Platform/Praktikum/Joki/Wildan/Modul11-13/vendor/laravel/framework/src/Illuminate/Database/Migrations/DatabaseMigrationRepository.php(185): Illuminate/Database/Schema/Builder->hasTable('migrations')
#8 D:/Master/Telkom University Purwokerto/Semester 6/Aplikasi Berbasis Platform/Praktikum/Joki/Wildan/Modul11-13/vendor/laravel/framework/src/Illuminate/Database/Migrations/Migrator.php(758): Illuminate/Database/Migrations/DatabaseMigrationRepository->repositoryExists()
#9 D:/Master/Telkom University Purwokerto/Semester 6/Aplikasi Berbasis Platform/Praktikum/Joki/Wildan/Modul11-13/vendor/laravel/framework/src/Illuminate/Database/Console/Migrations/MigrateCommand.php(164): Illuminate/Database/Migrations/Migrator->repositoryExists()
#10 D:/Master/Telkom University Purwokerto/Semester 6/Aplikasi Berbasis Platform/Praktikum/Joki/Wildan/Modul11-13/vendor/laravel/framework/src/Illuminate/Support/helpers.php(328): Illuminate/Database/Console/Migrations/MigrateCommand->Illuminate/Database/Console/Migrations/{closure}(1)
#11 D:/Master/Telkom University Purwokerto/Semester 6/Aplikasi Berbasis Platform/Praktikum/Joki/Wildan/Modul11-13/vendor/laravel/framework/src/Illuminate/Database/Console/Migrations/MigrateCommand.php(164): retry(1, Object(Closure), 0, Object(Closure))
#12 D:/Master/Telkom University Purwokerto/Semester 6/Aplikasi Berbasis Platform/Praktikum/Joki/Wildan/Modul11-13/vendor/laravel/framework/src/Illuminate/Database/Console/Migrations/MigrateCommand.php(140): Illuminate/Database/Console/Migrations/MigrateCommand->repositoryExists()
#13 D:/Master/Telkom University Purwokerto/Semester 6/Aplikasi Berbasis Platform/Praktikum/Joki/Wildan/Modul11-13/vendor/laravel/framework/src/Illuminate/Database/Console/Migrations/MigrateCommand.php(110): Illuminate/Database/Console/Migrations/MigrateCommand->prepareDatabase()
#14 D:/Master/Telkom University Purwokerto/Semester 6/Aplikasi Berbasis Platform/Praktikum/Joki/Wildan/Modul11-13/vendor/laravel/framework/src/Illuminate/Database/Migrations/Migrator.php(671): Illuminate/Database/Console/Migrations/MigrateCommand->Illuminate/Database/Console/Migrations/{closure}()
#15 D:/Master/Telkom University Purwokerto/Semester 6/Aplikasi Berbasis Platform/Praktikum/Joki/Wildan/Modul11-13/vendor/laravel/framework/src/Illuminate/Database/Console/Migrations/MigrateCommand.php(109): Illuminate/Database/Migrations/Migrator->usingConnection(NULL, Object(Closure))
#16 D:/Master/Telkom University Purwokerto/Semester 6/Aplikasi Berbasis Platform/Praktikum/Joki/Wildan/Modul11-13/vendor/laravel/framework/src/Illuminate/Database/Console/Migrations/MigrateCommand.php(88): Illuminate/Database/Console/Migrations/MigrateCommand->runMigrations()
#17 D:/Master/Telkom University Purwokerto/Semester 6/Aplikasi Berbasis Platform/Praktikum/Joki/Wildan/Modul11-13/vendor/laravel/framework/src/Illuminate/Container/BoundMethod.php(36): Illuminate/Database/Console/Migrations/MigrateCommand->handle()
#18 D:/Master/Telkom University Purwokerto/Semester 6/Aplikasi Berbasis Platform/Praktikum/Joki/Wildan/Modul11-13/vendor/laravel/framework/src/Illuminate/Container/Util.php(43): Illuminate/Container/BoundMethod::Illuminate/Container/{closure}()
#19 D:/Master/Telkom University Purwokerto/Semester 6/Aplikasi Berbasis Platform/Praktikum/Joki/Wildan/Modul11-13/vendor/laravel/framework/src/Illuminate/Container/BoundMethod.php(96): Illuminate/Container/Util::unwrapIfClosure(Object(Closure))
#20 D:/Master/Telkom University Purwokerto/Semester 6/Aplikasi Berbasis Platform/Praktikum/Joki/Wildan/Modul11-13/vendor/laravel/framework/src/Illuminate/Container/BoundMethod.php(35): Illuminate/Container/BoundMethod::callBoundMethod(Object(Illuminate/Foundation/Application), Array, Object(Closure))
#21 D:/Master/Telkom University Purwokerto/Semester 6/Aplikasi Berbasis Platform/Praktikum/Joki/Wildan/Modul11-13/vendor/laravel/framework/src/Illuminate/Container/Container.php(799): Illuminate/Container/BoundMethod::call(Object(Illuminate/Foundation/Application), Array, Array, NULL)
#22 D:/Master/Telkom University Purwokerto/Semester 6/Aplikasi Berbasis Platform/Praktikum/Joki/Wildan/Modul11-13/vendor/laravel/framework/src/Illuminate/Console/Command.php(211): Illuminate/Container/Container->call(Array)
#23 D:/Master/Telkom University Purwokerto/Semester 6/Aplikasi Berbasis Platform/Praktikum/Joki/Wildan/Modul11-13/vendor/symfony/console/Command/Command.php(341): Illuminate/Console/Command->execute(Object(Symfony/Component/Console/Input/ArrayInput), Object(Illuminate/Console/OutputStyle))
#24 D:/Master/Telkom University Purwokerto/Semester 6/Aplikasi Berbasis Platform/Praktikum/Joki/Wildan/Modul11-13/vendor/laravel/framework/src/Illuminate/Console/Command.php(180): Symfony/Component/Console/Command/Command->run(Object(Symfony/Component/Console/Input/ArrayInput), Object(Illuminate/Console/OutputStyle))
#25 D:/Master/Telkom University Purwokerto/Semester 6/Aplikasi Berbasis Platform/Praktikum/Joki/Wildan/Modul11-13/vendor/laravel/framework/src/Illuminate/Console/Concerns/CallsCommands.php(68): Illuminate/Console/Command->run(Object(Symfony/Component/Console/Input/ArrayInput), Object(Illuminate/Console/OutputStyle))
#26 D:/Master/Telkom University Purwokerto/Semester 6/Aplikasi Berbasis Platform/Praktikum/Joki/Wildan/Modul11-13/vendor/laravel/framework/src/Illuminate/Console/Concerns/CallsCommands.php(29): Illuminate/Console/Command->runCommand('migrate', Array, Object(Illuminate/Console/OutputStyle))
#27 D:/Master/Telkom University Purwokerto/Semester 6/Aplikasi Berbasis Platform/Praktikum/Joki/Wildan/Modul11-13/vendor/laravel/framework/src/Illuminate/Database/Console/Migrations/FreshCommand.php(88): Illuminate/Console/Command->call('migrate', Array)
#28 D:/Master/Telkom University Purwokerto/Semester 6/Aplikasi Berbasis Platform/Praktikum/Joki/Wildan/Modul11-13/vendor/laravel/framework/src/Illuminate/Container/BoundMethod.php(36): Illuminate/Database/Console/Migrations/FreshCommand->handle()
#29 D:/Master/Telkom University Purwokerto/Semester 6/Aplikasi Berbasis Platform/Praktikum/Joki/Wildan/Modul11-13/vendor/laravel/framework/src/Illuminate/Container/Util.php(43): Illuminate/Container/BoundMethod::Illuminate/Container/{closure}()
#30 D:/Master/Telkom University Purwokerto/Semester 6/Aplikasi Berbasis Platform/Praktikum/Joki/Wildan/Modul11-13/vendor/laravel/framework/src/Illuminate/Container/BoundMethod.php(96): Illuminate/Container/Util::unwrapIfClosure(Object(Closure))
#31 D:/Master/Telkom University Purwokerto/Semester 6/Aplikasi Berbasis Platform/Praktikum/Joki/Wildan/Modul11-13/vendor/laravel/framework/src/Illuminate/Container/BoundMethod.php(35): Illuminate/Container/BoundMethod::callBoundMethod(Object(Illuminate/Foundation/Application), Array, Object(Closure))
#32 D:/Master/Telkom University Purwokerto/Semester 6/Aplikasi Berbasis Platform/Praktikum/Joki/Wildan/Modul11-13/vendor/laravel/framework/src/Illuminate/Container/Container.php(799): Illuminate/Container/BoundMethod::call(Object(Illuminate/Foundation/Application), Array, Array, NULL)
#33 D:/Master/Telkom University Purwokerto/Semester 6/Aplikasi Berbasis Platform/Praktikum/Joki/Wildan/Modul11-13/vendor/laravel/framework/src/Illuminate/Console/Command.php(211): Illuminate/Container/Container->call(Array)
#34 D:/Master/Telkom University Purwokerto/Semester 6/Aplikasi Berbasis Platform/Praktikum/Joki/Wildan/Modul11-13/vendor/symfony/console/Command/Command.php(341): Illuminate/Console/Command->execute(Object(Symfony/Component/Console/Input/ArgvInput), Object(Illuminate/Console/OutputStyle))
#35 D:/Master/Telkom University Purwokerto/Semester 6/Aplikasi Berbasis Platform/Praktikum/Joki/Wildan/Modul11-13/vendor/laravel/framework/src/Illuminate/Console/Command.php(180): Symfony/Component/Console/Command/Command->run(Object(Symfony/Component/Console/Input/ArgvInput), Object(Illuminate/Console/OutputStyle))
#36 D:/Master/Telkom University Purwokerto/Semester 6/Aplikasi Berbasis Platform/Praktikum/Joki/Wildan/Modul11-13/vendor/symfony/console/Application.php(1117): Illuminate/Console/Command->run(Object(Symfony/Component/Console/Input/ArgvInput), Object(Symfony/Component/Console/Output/ConsoleOutput))
#37 D:/Master/Telkom University Purwokerto/Semester 6/Aplikasi Berbasis Platform/Praktikum/Joki/Wildan/Modul11-13/vendor/symfony/console/Application.php(356): Symfony/Component/Console/Application->doRunCommand(Object(Illuminate/Database/Console/Migrations/FreshCommand), Object(Symfony/Component/Console/Input/ArgvInput), Object(Symfony/Component/Console/Output/ConsoleOutput))
#38 D:/Master/Telkom University Purwokerto/Semester 6/Aplikasi Berbasis Platform/Praktikum/Joki/Wildan/Modul11-13/vendor/symfony/console/Application.php(195): Symfony/Component/Console/Application->doRun(Object(Symfony/Component/Console/Input/ArgvInput), Object(Symfony/Component/Console/Output/ConsoleOutput))
#39 D:/Master/Telkom University Purwokerto/Semester 6/Aplikasi Berbasis Platform/Praktikum/Joki/Wildan/Modul11-13/vendor/laravel/framework/src/Illuminate/Foundation/Console/Kernel.php(198): Symfony/Component/Console/Application->run(Object(Symfony/Component/Console/Input/ArgvInput), Object(Symfony/Component/Console/Output/ConsoleOutput))
#40 D:/Master/Telkom University Purwokerto/Semester 6/Aplikasi Berbasis Platform/Praktikum/Joki/Wildan/Modul11-13/vendor/laravel/framework/src/Illuminate/Foundation/Application.php(1235): Illuminate/Foundation/Console/Kernel->handle(Object(Symfony/Component/Console/Input/ArgvInput), Object(Symfony/Component/Console/Output/ConsoleOutput))
#41 D:/Master/Telkom University Purwokerto/Semester 6/Aplikasi Berbasis Platform/Praktikum/Joki/Wildan/Modul11-13/artisan(16): Illuminate/Foundation/Application->handleCommand(Object(Symfony/Component/Console/Input/ArgvInput))
#42 {main}

[previous exception] [object] (PDOException(code: 2002): SQLSTATE[HY000] [2002] No connection could be made because the target machine actively refused it at D:/Master/Telkom University Purwokerto/Semester 6/Aplikasi Berbasis Platform/Praktikum/Joki/Wildan/Modul11-13/vendor/laravel/framework/src/Illuminate/Database/Connectors/Connector.php:66)
[stacktrace]
#0 D:/Master/Telkom University Purwokerto/Semester 6/Aplikasi Berbasis Platform/Praktikum/Joki/Wildan/Modul11-13/vendor/laravel/framework/src/Illuminate/Database/Connectors/Connector.php(66): PDO->__construct('mysql:host=127....', 'root', Object(SensitiveParameterValue), Array)
#1 D:/Master/Telkom University Purwokerto/Semester 6/Aplikasi Berbasis Platform/Praktikum/Joki/Wildan/Modul11-13/vendor/laravel/framework/src/Illuminate/Database/Connectors/Connector.php(85): Illuminate/Database/Connectors/Connector->createPdoConnection('mysql:host=127....', 'root', Object(SensitiveParameterValue), Array)
#2 D:/Master/Telkom University Purwokerto/Semester 6/Aplikasi Berbasis Platform/Praktikum/Joki/Wildan/Modul11-13/vendor/laravel/framework/src/Illuminate/Database/Connectors/Connector.php(48): Illuminate/Database/Connectors/Connector->tryAgainIfCausedByLostConnection(Object(PDOException), 'mysql:host=127....', 'root', Object(SensitiveParameterValue), Array)
#3 D:/Master/Telkom University Purwokerto/Semester 6/Aplikasi Berbasis Platform/Praktikum/Joki/Wildan/Modul11-13/vendor/laravel/framework/src/Illuminate/Database/Connectors/MySqlConnector.php(24): Illuminate/Database/Connectors/Connector->createConnection('mysql:host=127....', Array, Array)
#4 D:/Master/Telkom University Purwokerto/Semester 6/Aplikasi Berbasis Platform/Praktikum/Joki/Wildan/Modul11-13/vendor/laravel/framework/src/Illuminate/Database/Connectors/ConnectionFactory.php(186): Illuminate/Database/Connectors/MySqlConnector->connect(Array)
#5 [internal function]: Illuminate/Database/Connectors/ConnectionFactory->Illuminate/Database/Connectors/{closure}()
#6 D:/Master/Telkom University Purwokerto/Semester 6/Aplikasi Berbasis Platform/Praktikum/Joki/Wildan/Modul11-13/vendor/laravel/framework/src/Illuminate/Database/Connection.php(1257): call_user_func(Object(Closure))
#7 D:/Master/Telkom University Purwokerto/Semester 6/Aplikasi Berbasis Platform/Praktikum/Joki/Wildan/Modul11-13/vendor/laravel/framework/src/Illuminate/Database/Connection.php(1295): Illuminate/Database/Connection->getPdo()
#8 D:/Master/Telkom University Purwokerto/Semester 6/Aplikasi Berbasis Platform/Praktikum/Joki/Wildan/Modul11-13/vendor/laravel/framework/src/Illuminate/Database/Connection.php(525): Illuminate/Database/Connection->getReadPdo()
#9 D:/Master/Telkom University Purwokerto/Semester 6/Aplikasi Berbasis Platform/Praktikum/Joki/Wildan/Modul11-13/vendor/laravel/framework/src/Illuminate/Database/Connection.php(420): Illuminate/Database/Connection->getPdoForSelect(true)
#10 D:/Master/Telkom University Purwokerto/Semester 6/Aplikasi Berbasis Platform/Praktikum/Joki/Wildan/Modul11-13/vendor/laravel/framework/src/Illuminate/Database/Connection.php(827): Illuminate/Database/Connection->Illuminate/Database/{closure}('select exists (...', Array)
#11 D:/Master/Telkom University Purwokerto/Semester 6/Aplikasi Berbasis Platform/Praktikum/Joki/Wildan/Modul11-13/vendor/laravel/framework/src/Illuminate/Database/Connection.php(999): Illuminate/Database/Connection->runQueryCallback('select exists (...', Array, Object(Closure))
#12 D:/Master/Telkom University Purwokerto/Semester 6/Aplikasi Berbasis Platform/Praktikum/Joki/Wildan/Modul11-13/vendor/laravel/framework/src/Illuminate/Database/Connection.php(978): Illuminate/Database/Connection->tryAgainIfCausedByLostConnection(Object(Illuminate/Database/QueryException), 'select exists (...', Array, Object(Closure))
#13 D:/Master/Telkom University Purwokerto/Semester 6/Aplikasi Berbasis Platform/Praktikum/Joki/Wildan/Modul11-13/vendor/laravel/framework/src/Illuminate/Database/Connection.php(796): Illuminate/Database/Connection->handleQueryException(Object(Illuminate/Database/QueryException), 'select exists (...', Array, Object(Closure))
#14 D:/Master/Telkom University Purwokerto/Semester 6/Aplikasi Berbasis Platform/Praktikum/Joki/Wildan/Modul11-13/vendor/laravel/framework/src/Illuminate/Database/Connection.php(411): Illuminate/Database/Connection->run('select exists (...', Array, Object(Closure))
#15 D:/Master/Telkom University Purwokerto/Semester 6/Aplikasi Berbasis Platform/Praktikum/Joki/Wildan/Modul11-13/vendor/laravel/framework/src/Illuminate/Database/Connection.php(357): Illuminate/Database/Connection->select('select exists (...', Array, true)
#16 D:/Master/Telkom University Purwokerto/Semester 6/Aplikasi Berbasis Platform/Praktikum/Joki/Wildan/Modul11-13/vendor/laravel/framework/src/Illuminate/Database/Connection.php(374): Illuminate/Database/Connection->selectOne('select exists (...', Array, true)
#17 D:/Master/Telkom University Purwokerto/Semester 6/Aplikasi Berbasis Platform/Praktikum/Joki/Wildan/Modul11-13/vendor/laravel/framework/src/Illuminate/Database/Schema/Builder.php(176): Illuminate/Database/Connection->scalar('select exists (...')
#18 D:/Master/Telkom University Purwokerto/Semester 6/Aplikasi Berbasis Platform/Praktikum/Joki/Wildan/Modul11-13/vendor/laravel/framework/src/Illuminate/Database/Migrations/DatabaseMigrationRepository.php(185): Illuminate/Database/Schema/Builder->hasTable('migrations')
#19 D:/Master/Telkom University Purwokerto/Semester 6/Aplikasi Berbasis Platform/Praktikum/Joki/Wildan/Modul11-13/vendor/laravel/framework/src/Illuminate/Database/Migrations/Migrator.php(758): Illuminate/Database/Migrations/DatabaseMigrationRepository->repositoryExists()
#20 D:/Master/Telkom University Purwokerto/Semester 6/Aplikasi Berbasis Platform/Praktikum/Joki/Wildan/Modul11-13/vendor/laravel/framework/src/Illuminate/Database/Console/Migrations/MigrateCommand.php(164): Illuminate/Database/Migrations/Migrator->repositoryExists()
#21 D:/Master/Telkom University Purwokerto/Semester 6/Aplikasi Berbasis Platform/Praktikum/Joki/Wildan/Modul11-13/vendor/laravel/framework/src/Illuminate/Support/helpers.php(328): Illuminate/Database/Console/Migrations/MigrateCommand->Illuminate/Database/Console/Migrations/{closure}(1)
#22 D:/Master/Telkom University Purwokerto/Semester 6/Aplikasi Berbasis Platform/Praktikum/Joki/Wildan/Modul11-13/vendor/laravel/framework/src/Illuminate/Database/Console/Migrations/MigrateCommand.php(164): retry(1, Object(Closure), 0, Object(Closure))
#23 D:/Master/Telkom University Purwokerto/Semester 6/Aplikasi Berbasis Platform/Praktikum/Joki/Wildan/Modul11-13/vendor/laravel/framework/src/Illuminate/Database/Console/Migrations/MigrateCommand.php(140): Illuminate/Database/Console/Migrations/MigrateCommand->repositoryExists()
#24 D:/Master/Telkom University Purwokerto/Semester 6/Aplikasi Berbasis Platform/Praktikum/Joki/Wildan/Modul11-13/vendor/laravel/framework/src/Illuminate/Database/Console/Migrations/MigrateCommand.php(110): Illuminate/Database/Console/Migrations/MigrateCommand->prepareDatabase()
#25 D:/Master/Telkom University Purwokerto/Semester 6/Aplikasi Berbasis Platform/Praktikum/Joki/Wildan/Modul11-13/vendor/laravel/framework/src/Illuminate/Database/Migrations/Migrator.php(671): Illuminate/Database/Console/Migrations/MigrateCommand->Illuminate/Database/Console/Migrations/{closure}()
#26 D:/Master/Telkom University Purwokerto/Semester 6/Aplikasi Berbasis Platform/Praktikum/Joki/Wildan/Modul11-13/vendor/laravel/framework/src/Illuminate/Database/Console/Migrations/MigrateCommand.php(109): Illuminate/Database/Migrations/Migrator->usingConnection(NULL, Object(Closure))
#27 D:/Master/Telkom University Purwokerto/Semester 6/Aplikasi Berbasis Platform/Praktikum/Joki/Wildan/Modul11-13/vendor/laravel/framework/src/Illuminate/Database/Console/Migrations/MigrateCommand.php(88): Illuminate/Database/Console/Migrations/MigrateCommand->runMigrations()
#28 D:/Master/Telkom University Purwokerto/Semester 6/Aplikasi Berbasis Platform/Praktikum/Joki/Wildan/Modul11-13/vendor/laravel/framework/src/Illuminate/Container/BoundMethod.php(36): Illuminate/Database/Console/Migrations/MigrateCommand->handle()
#29 D:/Master/Telkom University Purwokerto/Semester 6/Aplikasi Berbasis Platform/Praktikum/Joki/Wildan/Modul11-13/vendor/laravel/framework/src/Illuminate/Container/Util.php(43): Illuminate/Container/BoundMethod::Illuminate/Container/{closure}()
#30 D:/Master/Telkom University Purwokerto/Semester 6/Aplikasi Berbasis Platform/Praktikum/Joki/Wildan/Modul11-13/vendor/laravel/framework/src/Illuminate/Container/BoundMethod.php(96): Illuminate/Container/Util::unwrapIfClosure(Object(Closure))
#31 D:/Master/Telkom University Purwokerto/Semester 6/Aplikasi Berbasis Platform/Praktikum/Joki/Wildan/Modul11-13/vendor/laravel/framework/src/Illuminate/Container/BoundMethod.php(35): Illuminate/Container/BoundMethod::callBoundMethod(Object(Illuminate/Foundation/Application), Array, Object(Closure))
#32 D:/Master/Telkom University Purwokerto/Semester 6/Aplikasi Berbasis Platform/Praktikum/Joki/Wildan/Modul11-13/vendor/laravel/framework/src/Illuminate/Container/Container.php(799): Illuminate/Container/BoundMethod::call(Object(Illuminate/Foundation/Application), Array, Array, NULL)
#33 D:/Master/Telkom University Purwokerto/Semester 6/Aplikasi Berbasis Platform/Praktikum/Joki/Wildan/Modul11-13/vendor/laravel/framework/src/Illuminate/Console/Command.php(211): Illuminate/Container/Container->call(Array)
#34 D:/Master/Telkom University Purwokerto/Semester 6/Aplikasi Berbasis Platform/Praktikum/Joki/Wildan/Modul11-13/vendor/symfony/console/Command/Command.php(341): Illuminate/Console/Command->execute(Object(Symfony/Component/Console/Input/ArrayInput), Object(Illuminate/Console/OutputStyle))
#35 D:/Master/Telkom University Purwokerto/Semester 6/Aplikasi Berbasis Platform/Praktikum/Joki/Wildan/Modul11-13/vendor/laravel/framework/src/Illuminate/Console/Command.php(180): Symfony/Component/Console/Command/Command->run(Object(Symfony/Component/Console/Input/ArrayInput), Object(Illuminate/Console/OutputStyle))
#36 D:/Master/Telkom University Purwokerto/Semester 6/Aplikasi Berbasis Platform/Praktikum/Joki/Wildan/Modul11-13/vendor/laravel/framework/src/Illuminate/Console/Concerns/CallsCommands.php(68): Illuminate/Console/Command->run(Object(Symfony/Component/Console/Input/ArrayInput), Object(Illuminate/Console/OutputStyle))
#37 D:/Master/Telkom University Purwokerto/Semester 6/Aplikasi Berbasis Platform/Praktikum/Joki/Wildan/Modul11-13/vendor/laravel/framework/src/Illuminate/Console/Concerns/CallsCommands.php(29): Illuminate/Console/Command->runCommand('migrate', Array, Object(Illuminate/Console/OutputStyle))
#38 D:/Master/Telkom University Purwokerto/Semester 6/Aplikasi Berbasis Platform/Praktikum/Joki/Wildan/Modul11-13/vendor/laravel/framework/src/Illuminate/Database/Console/Migrations/FreshCommand.php(88): Illuminate/Console/Command->call('migrate', Array)
#39 D:/Master/Telkom University Purwokerto/Semester 6/Aplikasi Berbasis Platform/Praktikum/Joki/Wildan/Modul11-13/vendor/laravel/framework/src/Illuminate/Container/BoundMethod.php(36): Illuminate/Database/Console/Migrations/FreshCommand->handle()
#40 D:/Master/Telkom University Purwokerto/Semester 6/Aplikasi Berbasis Platform/Praktikum/Joki/Wildan/Modul11-13/vendor/laravel/framework/src/Illuminate/Container/Util.php(43): Illuminate/Container/BoundMethod::Illuminate/Container/{closure}()
#41 D:/Master/Telkom University Purwokerto/Semester 6/Aplikasi Berbasis Platform/Praktikum/Joki/Wildan/Modul11-13/vendor/laravel/framework/src/Illuminate/Container/BoundMethod.php(96): Illuminate/Container/Util::unwrapIfClosure(Object(Closure))
#42 D:/Master/Telkom University Purwokerto/Semester 6/Aplikasi Berbasis Platform/Praktikum/Joki/Wildan/Modul11-13/vendor/laravel/framework/src/Illuminate/Container/BoundMethod.php(35): Illuminate/Container/BoundMethod::callBoundMethod(Object(Illuminate/Foundation/Application), Array, Object(Closure))
#43 D:/Master/Telkom University Purwokerto/Semester 6/Aplikasi Berbasis Platform/Praktikum/Joki/Wildan/Modul11-13/vendor/laravel/framework/src/Illuminate/Container/Container.php(799): Illuminate/Container/BoundMethod::call(Object(Illuminate/Foundation/Application), Array, Array, NULL)
#44 D:/Master/Telkom University Purwokerto/Semester 6/Aplikasi Berbasis Platform/Praktikum/Joki/Wildan/Modul11-13/vendor/laravel/framework/src/Illuminate/Console/Command.php(211): Illuminate/Container/Container->call(Array)
#45 D:/Master/Telkom University Purwokerto/Semester 6/Aplikasi Berbasis Platform/Praktikum/Joki/Wildan/Modul11-13/vendor/symfony/console/Command/Command.php(341): Illuminate/Console/Command->execute(Object(Symfony/Component/Console/Input/ArgvInput), Object(Illuminate/Console/OutputStyle))
#46 D:/Master/Telkom University Purwokerto/Semester 6/Aplikasi Berbasis Platform/Praktikum/Joki/Wildan/Modul11-13/vendor/laravel/framework/src/Illuminate/Console/Command.php(180): Symfony/Component/Console/Command/Command->run(Object(Symfony/Component/Console/Input/ArgvInput), Object(Illuminate/Console/OutputStyle))
#47 D:/Master/Telkom University Purwokerto/Semester 6/Aplikasi Berbasis Platform/Praktikum/Joki/Wildan/Modul11-13/vendor/symfony/console/Application.php(1117): Illuminate/Console/Command->run(Object(Symfony/Component/Console/Input/ArgvInput), Object(Symfony/Component/Console/Output/ConsoleOutput))
#48 D:/Master/Telkom University Purwokerto/Semester 6/Aplikasi Berbasis Platform/Praktikum/Joki/Wildan/Modul11-13/vendor/symfony/console/Application.php(356): Symfony/Component/Console/Application->doRunCommand(Object(Illuminate/Database/Console/Migrations/FreshCommand), Object(Symfony/Component/Console/Input/ArgvInput), Object(Symfony/Component/Console/Output/ConsoleOutput))
#49 D:/Master/Telkom University Purwokerto/Semester 6/Aplikasi Berbasis Platform/Praktikum/Joki/Wildan/Modul11-13/vendor/symfony/console/Application.php(195): Symfony/Component/Console/Application->doRun(Object(Symfony/Component/Console/Input/ArgvInput), Object(Symfony/Component/Console/Output/ConsoleOutput))
#50 D:/Master/Telkom University Purwokerto/Semester 6/Aplikasi Berbasis Platform/Praktikum/Joki/Wildan/Modul11-13/vendor/laravel/framework/src/Illuminate/Foundation/Console/Kernel.php(198): Symfony/Component/Console/Application->run(Object(Symfony/Component/Console/Input/ArgvInput), Object(Symfony/Component/Console/Output/ConsoleOutput))
#51 D:/Master/Telkom University Purwokerto/Semester 6/Aplikasi Berbasis Platform/Praktikum/Joki/Wildan/Modul11-13/vendor/laravel/framework/src/Illuminate/Foundation/Application.php(1235): Illuminate/Foundation/Console/Kernel->handle(Object(Symfony/Component/Console/Input/ArgvInput), Object(Symfony/Component/Console/Output/ConsoleOutput))
#52 D:/Master/Telkom University Purwokerto/Semester 6/Aplikasi Berbasis Platform/Praktikum/Joki/Wildan/Modul11-13/artisan(16): Illuminate/Foundation/Application->handleCommand(Object(Symfony/Component/Console/Input/ArgvInput))
#53 {main}
"} 
