[2026-04-21 13:45:42] local.ERROR: Target class [App\Http\Controllers\ProductController] does not exist. {"exception":"[object] (Illuminate\\Contracts\\Container\\BindingResolutionException(code: 0): Target class [App\\Http\\Controllers\\ProductController] does not exist. at E:/SEMESTER6/praktikum/modul10/2311102021_TegarAjiPangestu/FestivalMakanan/vendor/laravel/framework/src/Illuminate/Container/Container.php:1124)
[stacktrace]
#0 E:/SEMESTER6/praktikum/modul10/2311102021_TegarAjiPangestu/FestivalMakanan/vendor/laravel/framework/src/Illuminate/Container/Container.php(933): Illuminate/Container/Container->build('App//Http//Contro...')
#1 E:/SEMESTER6/praktikum/modul10/2311102021_TegarAjiPangestu/FestivalMakanan/vendor/laravel/framework/src/Illuminate/Foundation/Application.php(1078): Illuminate/Container/Container->resolve('App//Http//Contro...', Array, true)
#2 E:/SEMESTER6/praktikum/modul10/2311102021_TegarAjiPangestu/FestivalMakanan/vendor/laravel/framework/src/Illuminate/Container/Container.php(864): Illuminate/Foundation/Application->resolve('App//Http//Contro...', Array)
#3 E:/SEMESTER6/praktikum/modul10/2311102021_TegarAjiPangestu/FestivalMakanan/vendor/laravel/framework/src/Illuminate/Foundation/Application.php(1058): Illuminate/Container/Container->make('App//Http//Contro...', Array)
#4 E:/SEMESTER6/praktikum/modul10/2311102021_TegarAjiPangestu/FestivalMakanan/vendor/laravel/framework/src/Illuminate/Routing/Route.php(286): Illuminate/Foundation/Application->make('App//Http//Contro...')
#5 E:/SEMESTER6/praktikum/modul10/2311102021_TegarAjiPangestu/FestivalMakanan/vendor/laravel/framework/src/Illuminate/Routing/Route.php(266): Illuminate/Routing/Route->getController()
#6 E:/SEMESTER6/praktikum/modul10/2311102021_TegarAjiPangestu/FestivalMakanan/vendor/laravel/framework/src/Illuminate/Routing/Route.php(211): Illuminate/Routing/Route->runController()
#7 E:/SEMESTER6/praktikum/modul10/2311102021_TegarAjiPangestu/FestivalMakanan/vendor/laravel/framework/src/Illuminate/Routing/Router.php(822): Illuminate/Routing/Route->run()
#8 E:/SEMESTER6/praktikum/modul10/2311102021_TegarAjiPangestu/FestivalMakanan/vendor/laravel/framework/src/Illuminate/Pipeline/Pipeline.php(180): Illuminate/Routing/Router->Illuminate/Routing/{closure}(Object(Illuminate/Http/Request))
#9 E:/SEMESTER6/praktikum/modul10/2311102021_TegarAjiPangestu/FestivalMakanan/vendor/laravel/framework/src/Illuminate/Routing/Middleware/SubstituteBindings.php(50): Illuminate/Pipeline/Pipeline->Illuminate/Pipeline/{closure}(Object(Illuminate/Http/Request))
#10 E:/SEMESTER6/praktikum/modul10/2311102021_TegarAjiPangestu/FestivalMakanan/vendor/laravel/framework/src/Illuminate/Pipeline/Pipeline.php(219): Illuminate/Routing/Middleware/SubstituteBindings->handle(Object(Illuminate/Http/Request), Object(Closure))
#11 E:/SEMESTER6/praktikum/modul10/2311102021_TegarAjiPangestu/FestivalMakanan/vendor/laravel/framework/src/Illuminate/Foundation/Http/Middleware/VerifyCsrfToken.php(87): Illuminate/Pipeline/Pipeline->Illuminate/Pipeline/{closure}(Object(Illuminate/Http/Request))
#12 E:/SEMESTER6/praktikum/modul10/2311102021_TegarAjiPangestu/FestivalMakanan/vendor/laravel/framework/src/Illuminate/Pipeline/Pipeline.php(219): Illuminate/Foundation/Http/Middleware/VerifyCsrfToken->handle(Object(Illuminate/Http/Request), Object(Closure))
#13 E:/SEMESTER6/praktikum/modul10/2311102021_TegarAjiPangestu/FestivalMakanan/vendor/laravel/framework/src/Illuminate/View/Middleware/ShareErrorsFromSession.php(48): Illuminate/Pipeline/Pipeline->Illuminate/Pipeline/{closure}(Object(Illuminate/Http/Request))
#14 E:/SEMESTER6/praktikum/modul10/2311102021_TegarAjiPangestu/FestivalMakanan/vendor/laravel/framework/src/Illuminate/Pipeline/Pipeline.php(219): Illuminate/View/Middleware/ShareErrorsFromSession->handle(Object(Illuminate/Http/Request), Object(Closure))
#15 E:/SEMESTER6/praktikum/modul10/2311102021_TegarAjiPangestu/FestivalMakanan/vendor/laravel/framework/src/Illuminate/Session/Middleware/StartSession.php(120): Illuminate/Pipeline/Pipeline->Illuminate/Pipeline/{closure}(Object(Illuminate/Http/Request))
#16 E:/SEMESTER6/praktikum/modul10/2311102021_TegarAjiPangestu/FestivalMakanan/vendor/laravel/framework/src/Illuminate/Session/Middleware/StartSession.php(63): Illuminate/Session/Middleware/StartSession->handleStatefulRequest(Object(Illuminate/Http/Request), Object(Illuminate/Session/Store), Object(Closure))
#17 E:/SEMESTER6/praktikum/modul10/2311102021_TegarAjiPangestu/FestivalMakanan/vendor/laravel/framework/src/Illuminate/Pipeline/Pipeline.php(219): Illuminate/Session/Middleware/StartSession->handle(Object(Illuminate/Http/Request), Object(Closure))
#18 E:/SEMESTER6/praktikum/modul10/2311102021_TegarAjiPangestu/FestivalMakanan/vendor/laravel/framework/src/Illuminate/Cookie/Middleware/AddQueuedCookiesToResponse.php(36): Illuminate/Pipeline/Pipeline->Illuminate/Pipeline/{closure}(Object(Illuminate/Http/Request))
#19 E:/SEMESTER6/praktikum/modul10/2311102021_TegarAjiPangestu/FestivalMakanan/vendor/laravel/framework/src/Illuminate/Pipeline/Pipeline.php(219): Illuminate/Cookie/Middleware/AddQueuedCookiesToResponse->handle(Object(Illuminate/Http/Request), Object(Closure))
#20 E:/SEMESTER6/praktikum/modul10/2311102021_TegarAjiPangestu/FestivalMakanan/vendor/laravel/framework/src/Illuminate/Cookie/Middleware/EncryptCookies.php(74): Illuminate/Pipeline/Pipeline->Illuminate/Pipeline/{closure}(Object(Illuminate/Http/Request))
#21 E:/SEMESTER6/praktikum/modul10/2311102021_TegarAjiPangestu/FestivalMakanan/vendor/laravel/framework/src/Illuminate/Pipeline/Pipeline.php(219): Illuminate/Cookie/Middleware/EncryptCookies->handle(Object(Illuminate/Http/Request), Object(Closure))
#22 E:/SEMESTER6/praktikum/modul10/2311102021_TegarAjiPangestu/FestivalMakanan/vendor/laravel/framework/src/Illuminate/Pipeline/Pipeline.php(137): Illuminate/Pipeline/Pipeline->Illuminate/Pipeline/{closure}(Object(Illuminate/Http/Request))
#23 E:/SEMESTER6/praktikum/modul10/2311102021_TegarAjiPangestu/FestivalMakanan/vendor/laravel/framework/src/Illuminate/Routing/Router.php(821): Illuminate/Pipeline/Pipeline->then(Object(Closure))
#24 E:/SEMESTER6/praktikum/modul10/2311102021_TegarAjiPangestu/FestivalMakanan/vendor/laravel/framework/src/Illuminate/Routing/Router.php(800): Illuminate/Routing/Router->runRouteWithinStack(Object(Illuminate/Routing/Route), Object(Illuminate/Http/Request))
#25 E:/SEMESTER6/praktikum/modul10/2311102021_TegarAjiPangestu/FestivalMakanan/vendor/laravel/framework/src/Illuminate/Routing/Router.php(764): Illuminate/Routing/Router->runRoute(Object(Illuminate/Http/Request), Object(Illuminate/Routing/Route))
#26 E:/SEMESTER6/praktikum/modul10/2311102021_TegarAjiPangestu/FestivalMakanan/vendor/laravel/framework/src/Illuminate/Routing/Router.php(753): Illuminate/Routing/Router->dispatchToRoute(Object(Illuminate/Http/Request))
#27 E:/SEMESTER6/praktikum/modul10/2311102021_TegarAjiPangestu/FestivalMakanan/vendor/laravel/framework/src/Illuminate/Foundation/Http/Kernel.php(200): Illuminate/Routing/Router->dispatch(Object(Illuminate/Http/Request))
#28 E:/SEMESTER6/praktikum/modul10/2311102021_TegarAjiPangestu/FestivalMakanan/vendor/laravel/framework/src/Illuminate/Pipeline/Pipeline.php(180): Illuminate/Foundation/Http/Kernel->Illuminate/Foundation/Http/{closure}(Object(Illuminate/Http/Request))
#29 E:/SEMESTER6/praktikum/modul10/2311102021_TegarAjiPangestu/FestivalMakanan/vendor/laravel/framework/src/Illuminate/Foundation/Http/Middleware/TransformsRequest.php(21): Illuminate/Pipeline/Pipeline->Illuminate/Pipeline/{closure}(Object(Illuminate/Http/Request))
#30 E:/SEMESTER6/praktikum/modul10/2311102021_TegarAjiPangestu/FestivalMakanan/vendor/laravel/framework/src/Illuminate/Foundation/Http/Middleware/ConvertEmptyStringsToNull.php(31): Illuminate/Foundation/Http/Middleware/TransformsRequest->handle(Object(Illuminate/Http/Request), Object(Closure))
#31 E:/SEMESTER6/praktikum/modul10/2311102021_TegarAjiPangestu/FestivalMakanan/vendor/laravel/framework/src/Illuminate/Pipeline/Pipeline.php(219): Illuminate/Foundation/Http/Middleware/ConvertEmptyStringsToNull->handle(Object(Illuminate/Http/Request), Object(Closure))
#32 E:/SEMESTER6/praktikum/modul10/2311102021_TegarAjiPangestu/FestivalMakanan/vendor/laravel/framework/src/Illuminate/Foundation/Http/Middleware/TransformsRequest.php(21): Illuminate/Pipeline/Pipeline->Illuminate/Pipeline/{closure}(Object(Illuminate/Http/Request))
#33 E:/SEMESTER6/praktikum/modul10/2311102021_TegarAjiPangestu/FestivalMakanan/vendor/laravel/framework/src/Illuminate/Foundation/Http/Middleware/TrimStrings.php(51): Illuminate/Foundation/Http/Middleware/TransformsRequest->handle(Object(Illuminate/Http/Request), Object(Closure))
#34 E:/SEMESTER6/praktikum/modul10/2311102021_TegarAjiPangestu/FestivalMakanan/vendor/laravel/framework/src/Illuminate/Pipeline/Pipeline.php(219): Illuminate/Foundation/Http/Middleware/TrimStrings->handle(Object(Illuminate/Http/Request), Object(Closure))
#35 E:/SEMESTER6/praktikum/modul10/2311102021_TegarAjiPangestu/FestivalMakanan/vendor/laravel/framework/src/Illuminate/Http/Middleware/ValidatePostSize.php(27): Illuminate/Pipeline/Pipeline->Illuminate/Pipeline/{closure}(Object(Illuminate/Http/Request))
#36 E:/SEMESTER6/praktikum/modul10/2311102021_TegarAjiPangestu/FestivalMakanan/vendor/laravel/framework/src/Illuminate/Pipeline/Pipeline.php(219): Illuminate/Http/Middleware/ValidatePostSize->handle(Object(Illuminate/Http/Request), Object(Closure))
#37 E:/SEMESTER6/praktikum/modul10/2311102021_TegarAjiPangestu/FestivalMakanan/vendor/laravel/framework/src/Illuminate/Foundation/Http/Middleware/PreventRequestsDuringMaintenance.php(109): Illuminate/Pipeline/Pipeline->Illuminate/Pipeline/{closure}(Object(Illuminate/Http/Request))
#38 E:/SEMESTER6/praktikum/modul10/2311102021_TegarAjiPangestu/FestivalMakanan/vendor/laravel/framework/src/Illuminate/Pipeline/Pipeline.php(219): Illuminate/Foundation/Http/Middleware/PreventRequestsDuringMaintenance->handle(Object(Illuminate/Http/Request), Object(Closure))
#39 E:/SEMESTER6/praktikum/modul10/2311102021_TegarAjiPangestu/FestivalMakanan/vendor/laravel/framework/src/Illuminate/Http/Middleware/HandleCors.php(61): Illuminate/Pipeline/Pipeline->Illuminate/Pipeline/{closure}(Object(Illuminate/Http/Request))
#40 E:/SEMESTER6/praktikum/modul10/2311102021_TegarAjiPangestu/FestivalMakanan/vendor/laravel/framework/src/Illuminate/Pipeline/Pipeline.php(219): Illuminate/Http/Middleware/HandleCors->handle(Object(Illuminate/Http/Request), Object(Closure))
#41 E:/SEMESTER6/praktikum/modul10/2311102021_TegarAjiPangestu/FestivalMakanan/vendor/laravel/framework/src/Illuminate/Http/Middleware/TrustProxies.php(58): Illuminate/Pipeline/Pipeline->Illuminate/Pipeline/{closure}(Object(Illuminate/Http/Request))
#42 E:/SEMESTER6/praktikum/modul10/2311102021_TegarAjiPangestu/FestivalMakanan/vendor/laravel/framework/src/Illuminate/Pipeline/Pipeline.php(219): Illuminate/Http/Middleware/TrustProxies->handle(Object(Illuminate/Http/Request), Object(Closure))
#43 E:/SEMESTER6/praktikum/modul10/2311102021_TegarAjiPangestu/FestivalMakanan/vendor/laravel/framework/src/Illuminate/Foundation/Http/Middleware/InvokeDeferredCallbacks.php(22): Illuminate/Pipeline/Pipeline->Illuminate/Pipeline/{closure}(Object(Illuminate/Http/Request))
#44 E:/SEMESTER6/praktikum/modul10/2311102021_TegarAjiPangestu/FestivalMakanan/vendor/laravel/framework/src/Illuminate/Pipeline/Pipeline.php(219): Illuminate/Foundation/Http/Middleware/InvokeDeferredCallbacks->handle(Object(Illuminate/Http/Request), Object(Closure))
#45 E:/SEMESTER6/praktikum/modul10/2311102021_TegarAjiPangestu/FestivalMakanan/vendor/laravel/framework/src/Illuminate/Http/Middleware/ValidatePathEncoding.php(26): Illuminate/Pipeline/Pipeline->Illuminate/Pipeline/{closure}(Object(Illuminate/Http/Request))
#46 E:/SEMESTER6/praktikum/modul10/2311102021_TegarAjiPangestu/FestivalMakanan/vendor/laravel/framework/src/Illuminate/Pipeline/Pipeline.php(219): Illuminate/Http/Middleware/ValidatePathEncoding->handle(Object(Illuminate/Http/Request), Object(Closure))
#47 E:/SEMESTER6/praktikum/modul10/2311102021_TegarAjiPangestu/FestivalMakanan/vendor/laravel/framework/src/Illuminate/Pipeline/Pipeline.php(137): Illuminate/Pipeline/Pipeline->Illuminate/Pipeline/{closure}(Object(Illuminate/Http/Request))
#48 E:/SEMESTER6/praktikum/modul10/2311102021_TegarAjiPangestu/FestivalMakanan/vendor/laravel/framework/src/Illuminate/Foundation/Http/Kernel.php(175): Illuminate/Pipeline/Pipeline->then(Object(Closure))
#49 E:/SEMESTER6/praktikum/modul10/2311102021_TegarAjiPangestu/FestivalMakanan/vendor/laravel/framework/src/Illuminate/Foundation/Http/Kernel.php(144): Illuminate/Foundation/Http/Kernel->sendRequestThroughRouter(Object(Illuminate/Http/Request))
#50 E:/SEMESTER6/praktikum/modul10/2311102021_TegarAjiPangestu/FestivalMakanan/vendor/laravel/framework/src/Illuminate/Foundation/Application.php(1220): Illuminate/Foundation/Http/Kernel->handle(Object(Illuminate/Http/Request))
#51 E:/SEMESTER6/praktikum/modul10/2311102021_TegarAjiPangestu/FestivalMakanan/public/index.php(20): Illuminate/Foundation/Application->handleRequest(Object(Illuminate/Http/Request))
#52 E:/SEMESTER6/praktikum/modul10/2311102021_TegarAjiPangestu/FestivalMakanan/vendor/laravel/framework/src/Illuminate/Foundation/resources/server.php(23): require_once('E://SEMESTER6//pr...')
#53 {main}

[previous exception] [object] (ReflectionException(code: -1): Class \"App\\Http\\Controllers\\ProductController\" does not exist at E:/SEMESTER6/praktikum/modul10/2311102021_TegarAjiPangestu/FestivalMakanan/vendor/laravel/framework/src/Illuminate/Container/Container.php:1122)
[stacktrace]
#0 E:/SEMESTER6/praktikum/modul10/2311102021_TegarAjiPangestu/FestivalMakanan/vendor/laravel/framework/src/Illuminate/Container/Container.php(1122): ReflectionClass->__construct('App//Http//Contro...')
#1 E:/SEMESTER6/praktikum/modul10/2311102021_TegarAjiPangestu/FestivalMakanan/vendor/laravel/framework/src/Illuminate/Container/Container.php(933): Illuminate/Container/Container->build('App//Http//Contro...')
#2 E:/SEMESTER6/praktikum/modul10/2311102021_TegarAjiPangestu/FestivalMakanan/vendor/laravel/framework/src/Illuminate/Foundation/Application.php(1078): Illuminate/Container/Container->resolve('App//Http//Contro...', Array, true)
#3 E:/SEMESTER6/praktikum/modul10/2311102021_TegarAjiPangestu/FestivalMakanan/vendor/laravel/framework/src/Illuminate/Container/Container.php(864): Illuminate/Foundation/Application->resolve('App//Http//Contro...', Array)
#4 E:/SEMESTER6/praktikum/modul10/2311102021_TegarAjiPangestu/FestivalMakanan/vendor/laravel/framework/src/Illuminate/Foundation/Application.php(1058): Illuminate/Container/Container->make('App//Http//Contro...', Array)
#5 E:/SEMESTER6/praktikum/modul10/2311102021_TegarAjiPangestu/FestivalMakanan/vendor/laravel/framework/src/Illuminate/Routing/Route.php(286): Illuminate/Foundation/Application->make('App//Http//Contro...')
#6 E:/SEMESTER6/praktikum/modul10/2311102021_TegarAjiPangestu/FestivalMakanan/vendor/laravel/framework/src/Illuminate/Routing/Route.php(266): Illuminate/Routing/Route->getController()
#7 E:/SEMESTER6/praktikum/modul10/2311102021_TegarAjiPangestu/FestivalMakanan/vendor/laravel/framework/src/Illuminate/Routing/Route.php(211): Illuminate/Routing/Route->runController()
#8 E:/SEMESTER6/praktikum/modul10/2311102021_TegarAjiPangestu/FestivalMakanan/vendor/laravel/framework/src/Illuminate/Routing/Router.php(822): Illuminate/Routing/Route->run()
#9 E:/SEMESTER6/praktikum/modul10/2311102021_TegarAjiPangestu/FestivalMakanan/vendor/laravel/framework/src/Illuminate/Pipeline/Pipeline.php(180): Illuminate/Routing/Router->Illuminate/Routing/{closure}(Object(Illuminate/Http/Request))
#10 E:/SEMESTER6/praktikum/modul10/2311102021_TegarAjiPangestu/FestivalMakanan/vendor/laravel/framework/src/Illuminate/Routing/Middleware/SubstituteBindings.php(50): Illuminate/Pipeline/Pipeline->Illuminate/Pipeline/{closure}(Object(Illuminate/Http/Request))
#11 E:/SEMESTER6/praktikum/modul10/2311102021_TegarAjiPangestu/FestivalMakanan/vendor/laravel/framework/src/Illuminate/Pipeline/Pipeline.php(219): Illuminate/Routing/Middleware/SubstituteBindings->handle(Object(Illuminate/Http/Request), Object(Closure))
#12 E:/SEMESTER6/praktikum/modul10/2311102021_TegarAjiPangestu/FestivalMakanan/vendor/laravel/framework/src/Illuminate/Foundation/Http/Middleware/VerifyCsrfToken.php(87): Illuminate/Pipeline/Pipeline->Illuminate/Pipeline/{closure}(Object(Illuminate/Http/Request))
#13 E:/SEMESTER6/praktikum/modul10/2311102021_TegarAjiPangestu/FestivalMakanan/vendor/laravel/framework/src/Illuminate/Pipeline/Pipeline.php(219): Illuminate/Foundation/Http/Middleware/VerifyCsrfToken->handle(Object(Illuminate/Http/Request), Object(Closure))
#14 E:/SEMESTER6/praktikum/modul10/2311102021_TegarAjiPangestu/FestivalMakanan/vendor/laravel/framework/src/Illuminate/View/Middleware/ShareErrorsFromSession.php(48): Illuminate/Pipeline/Pipeline->Illuminate/Pipeline/{closure}(Object(Illuminate/Http/Request))
#15 E:/SEMESTER6/praktikum/modul10/2311102021_TegarAjiPangestu/FestivalMakanan/vendor/laravel/framework/src/Illuminate/Pipeline/Pipeline.php(219): Illuminate/View/Middleware/ShareErrorsFromSession->handle(Object(Illuminate/Http/Request), Object(Closure))
#16 E:/SEMESTER6/praktikum/modul10/2311102021_TegarAjiPangestu/FestivalMakanan/vendor/laravel/framework/src/Illuminate/Session/Middleware/StartSession.php(120): Illuminate/Pipeline/Pipeline->Illuminate/Pipeline/{closure}(Object(Illuminate/Http/Request))
#17 E:/SEMESTER6/praktikum/modul10/2311102021_TegarAjiPangestu/FestivalMakanan/vendor/laravel/framework/src/Illuminate/Session/Middleware/StartSession.php(63): Illuminate/Session/Middleware/StartSession->handleStatefulRequest(Object(Illuminate/Http/Request), Object(Illuminate/Session/Store), Object(Closure))
#18 E:/SEMESTER6/praktikum/modul10/2311102021_TegarAjiPangestu/FestivalMakanan/vendor/laravel/framework/src/Illuminate/Pipeline/Pipeline.php(219): Illuminate/Session/Middleware/StartSession->handle(Object(Illuminate/Http/Request), Object(Closure))
#19 E:/SEMESTER6/praktikum/modul10/2311102021_TegarAjiPangestu/FestivalMakanan/vendor/laravel/framework/src/Illuminate/Cookie/Middleware/AddQueuedCookiesToResponse.php(36): Illuminate/Pipeline/Pipeline->Illuminate/Pipeline/{closure}(Object(Illuminate/Http/Request))
#20 E:/SEMESTER6/praktikum/modul10/2311102021_TegarAjiPangestu/FestivalMakanan/vendor/laravel/framework/src/Illuminate/Pipeline/Pipeline.php(219): Illuminate/Cookie/Middleware/AddQueuedCookiesToResponse->handle(Object(Illuminate/Http/Request), Object(Closure))
#21 E:/SEMESTER6/praktikum/modul10/2311102021_TegarAjiPangestu/FestivalMakanan/vendor/laravel/framework/src/Illuminate/Cookie/Middleware/EncryptCookies.php(74): Illuminate/Pipeline/Pipeline->Illuminate/Pipeline/{closure}(Object(Illuminate/Http/Request))
#22 E:/SEMESTER6/praktikum/modul10/2311102021_TegarAjiPangestu/FestivalMakanan/vendor/laravel/framework/src/Illuminate/Pipeline/Pipeline.php(219): Illuminate/Cookie/Middleware/EncryptCookies->handle(Object(Illuminate/Http/Request), Object(Closure))
#23 E:/SEMESTER6/praktikum/modul10/2311102021_TegarAjiPangestu/FestivalMakanan/vendor/laravel/framework/src/Illuminate/Pipeline/Pipeline.php(137): Illuminate/Pipeline/Pipeline->Illuminate/Pipeline/{closure}(Object(Illuminate/Http/Request))
#24 E:/SEMESTER6/praktikum/modul10/2311102021_TegarAjiPangestu/FestivalMakanan/vendor/laravel/framework/src/Illuminate/Routing/Router.php(821): Illuminate/Pipeline/Pipeline->then(Object(Closure))
#25 E:/SEMESTER6/praktikum/modul10/2311102021_TegarAjiPangestu/FestivalMakanan/vendor/laravel/framework/src/Illuminate/Routing/Router.php(800): Illuminate/Routing/Router->runRouteWithinStack(Object(Illuminate/Routing/Route), Object(Illuminate/Http/Request))
#26 E:/SEMESTER6/praktikum/modul10/2311102021_TegarAjiPangestu/FestivalMakanan/vendor/laravel/framework/src/Illuminate/Routing/Router.php(764): Illuminate/Routing/Router->runRoute(Object(Illuminate/Http/Request), Object(Illuminate/Routing/Route))
#27 E:/SEMESTER6/praktikum/modul10/2311102021_TegarAjiPangestu/FestivalMakanan/vendor/laravel/framework/src/Illuminate/Routing/Router.php(753): Illuminate/Routing/Router->dispatchToRoute(Object(Illuminate/Http/Request))
#28 E:/SEMESTER6/praktikum/modul10/2311102021_TegarAjiPangestu/FestivalMakanan/vendor/laravel/framework/src/Illuminate/Foundation/Http/Kernel.php(200): Illuminate/Routing/Router->dispatch(Object(Illuminate/Http/Request))
#29 E:/SEMESTER6/praktikum/modul10/2311102021_TegarAjiPangestu/FestivalMakanan/vendor/laravel/framework/src/Illuminate/Pipeline/Pipeline.php(180): Illuminate/Foundation/Http/Kernel->Illuminate/Foundation/Http/{closure}(Object(Illuminate/Http/Request))
#30 E:/SEMESTER6/praktikum/modul10/2311102021_TegarAjiPangestu/FestivalMakanan/vendor/laravel/framework/src/Illuminate/Foundation/Http/Middleware/TransformsRequest.php(21): Illuminate/Pipeline/Pipeline->Illuminate/Pipeline/{closure}(Object(Illuminate/Http/Request))
#31 E:/SEMESTER6/praktikum/modul10/2311102021_TegarAjiPangestu/FestivalMakanan/vendor/laravel/framework/src/Illuminate/Foundation/Http/Middleware/ConvertEmptyStringsToNull.php(31): Illuminate/Foundation/Http/Middleware/TransformsRequest->handle(Object(Illuminate/Http/Request), Object(Closure))
#32 E:/SEMESTER6/praktikum/modul10/2311102021_TegarAjiPangestu/FestivalMakanan/vendor/laravel/framework/src/Illuminate/Pipeline/Pipeline.php(219): Illuminate/Foundation/Http/Middleware/ConvertEmptyStringsToNull->handle(Object(Illuminate/Http/Request), Object(Closure))
#33 E:/SEMESTER6/praktikum/modul10/2311102021_TegarAjiPangestu/FestivalMakanan/vendor/laravel/framework/src/Illuminate/Foundation/Http/Middleware/TransformsRequest.php(21): Illuminate/Pipeline/Pipeline->Illuminate/Pipeline/{closure}(Object(Illuminate/Http/Request))
#34 E:/SEMESTER6/praktikum/modul10/2311102021_TegarAjiPangestu/FestivalMakanan/vendor/laravel/framework/src/Illuminate/Foundation/Http/Middleware/TrimStrings.php(51): Illuminate/Foundation/Http/Middleware/TransformsRequest->handle(Object(Illuminate/Http/Request), Object(Closure))
#35 E:/SEMESTER6/praktikum/modul10/2311102021_TegarAjiPangestu/FestivalMakanan/vendor/laravel/framework/src/Illuminate/Pipeline/Pipeline.php(219): Illuminate/Foundation/Http/Middleware/TrimStrings->handle(Object(Illuminate/Http/Request), Object(Closure))
#36 E:/SEMESTER6/praktikum/modul10/2311102021_TegarAjiPangestu/FestivalMakanan/vendor/laravel/framework/src/Illuminate/Http/Middleware/ValidatePostSize.php(27): Illuminate/Pipeline/Pipeline->Illuminate/Pipeline/{closure}(Object(Illuminate/Http/Request))
#37 E:/SEMESTER6/praktikum/modul10/2311102021_TegarAjiPangestu/FestivalMakanan/vendor/laravel/framework/src/Illuminate/Pipeline/Pipeline.php(219): Illuminate/Http/Middleware/ValidatePostSize->handle(Object(Illuminate/Http/Request), Object(Closure))
#38 E:/SEMESTER6/praktikum/modul10/2311102021_TegarAjiPangestu/FestivalMakanan/vendor/laravel/framework/src/Illuminate/Foundation/Http/Middleware/PreventRequestsDuringMaintenance.php(109): Illuminate/Pipeline/Pipeline->Illuminate/Pipeline/{closure}(Object(Illuminate/Http/Request))
#39 E:/SEMESTER6/praktikum/modul10/2311102021_TegarAjiPangestu/FestivalMakanan/vendor/laravel/framework/src/Illuminate/Pipeline/Pipeline.php(219): Illuminate/Foundation/Http/Middleware/PreventRequestsDuringMaintenance->handle(Object(Illuminate/Http/Request), Object(Closure))
#40 E:/SEMESTER6/praktikum/modul10/2311102021_TegarAjiPangestu/FestivalMakanan/vendor/laravel/framework/src/Illuminate/Http/Middleware/HandleCors.php(61): Illuminate/Pipeline/Pipeline->Illuminate/Pipeline/{closure}(Object(Illuminate/Http/Request))
#41 E:/SEMESTER6/praktikum/modul10/2311102021_TegarAjiPangestu/FestivalMakanan/vendor/laravel/framework/src/Illuminate/Pipeline/Pipeline.php(219): Illuminate/Http/Middleware/HandleCors->handle(Object(Illuminate/Http/Request), Object(Closure))
#42 E:/SEMESTER6/praktikum/modul10/2311102021_TegarAjiPangestu/FestivalMakanan/vendor/laravel/framework/src/Illuminate/Http/Middleware/TrustProxies.php(58): Illuminate/Pipeline/Pipeline->Illuminate/Pipeline/{closure}(Object(Illuminate/Http/Request))
#43 E:/SEMESTER6/praktikum/modul10/2311102021_TegarAjiPangestu/FestivalMakanan/vendor/laravel/framework/src/Illuminate/Pipeline/Pipeline.php(219): Illuminate/Http/Middleware/TrustProxies->handle(Object(Illuminate/Http/Request), Object(Closure))
#44 E:/SEMESTER6/praktikum/modul10/2311102021_TegarAjiPangestu/FestivalMakanan/vendor/laravel/framework/src/Illuminate/Foundation/Http/Middleware/InvokeDeferredCallbacks.php(22): Illuminate/Pipeline/Pipeline->Illuminate/Pipeline/{closure}(Object(Illuminate/Http/Request))
#45 E:/SEMESTER6/praktikum/modul10/2311102021_TegarAjiPangestu/FestivalMakanan/vendor/laravel/framework/src/Illuminate/Pipeline/Pipeline.php(219): Illuminate/Foundation/Http/Middleware/InvokeDeferredCallbacks->handle(Object(Illuminate/Http/Request), Object(Closure))
#46 E:/SEMESTER6/praktikum/modul10/2311102021_TegarAjiPangestu/FestivalMakanan/vendor/laravel/framework/src/Illuminate/Http/Middleware/ValidatePathEncoding.php(26): Illuminate/Pipeline/Pipeline->Illuminate/Pipeline/{closure}(Object(Illuminate/Http/Request))
#47 E:/SEMESTER6/praktikum/modul10/2311102021_TegarAjiPangestu/FestivalMakanan/vendor/laravel/framework/src/Illuminate/Pipeline/Pipeline.php(219): Illuminate/Http/Middleware/ValidatePathEncoding->handle(Object(Illuminate/Http/Request), Object(Closure))
#48 E:/SEMESTER6/praktikum/modul10/2311102021_TegarAjiPangestu/FestivalMakanan/vendor/laravel/framework/src/Illuminate/Pipeline/Pipeline.php(137): Illuminate/Pipeline/Pipeline->Illuminate/Pipeline/{closure}(Object(Illuminate/Http/Request))
#49 E:/SEMESTER6/praktikum/modul10/2311102021_TegarAjiPangestu/FestivalMakanan/vendor/laravel/framework/src/Illuminate/Foundation/Http/Kernel.php(175): Illuminate/Pipeline/Pipeline->then(Object(Closure))
#50 E:/SEMESTER6/praktikum/modul10/2311102021_TegarAjiPangestu/FestivalMakanan/vendor/laravel/framework/src/Illuminate/Foundation/Http/Kernel.php(144): Illuminate/Foundation/Http/Kernel->sendRequestThroughRouter(Object(Illuminate/Http/Request))
#51 E:/SEMESTER6/praktikum/modul10/2311102021_TegarAjiPangestu/FestivalMakanan/vendor/laravel/framework/src/Illuminate/Foundation/Application.php(1220): Illuminate/Foundation/Http/Kernel->handle(Object(Illuminate/Http/Request))
#52 E:/SEMESTER6/praktikum/modul10/2311102021_TegarAjiPangestu/FestivalMakanan/public/index.php(20): Illuminate/Foundation/Application->handleRequest(Object(Illuminate/Http/Request))
#53 E:/SEMESTER6/praktikum/modul10/2311102021_TegarAjiPangestu/FestivalMakanan/vendor/laravel/framework/src/Illuminate/Foundation/resources/server.php(23): require_once('E://SEMESTER6//pr...')
#54 {main}
"} 
[2026-04-21 13:46:40] local.ERROR: Target class [App\Http\Controllers\ProductController] does not exist. {"exception":"[object] (Illuminate\\Contracts\\Container\\BindingResolutionException(code: 0): Target class [App\\Http\\Controllers\\ProductController] does not exist. at E:/SEMESTER6/praktikum/modul10/2311102021_TegarAjiPangestu/FestivalMakanan/vendor/laravel/framework/src/Illuminate/Container/Container.php:1124)
[stacktrace]
#0 E:/SEMESTER6/praktikum/modul10/2311102021_TegarAjiPangestu/FestivalMakanan/vendor/laravel/framework/src/Illuminate/Container/Container.php(933): Illuminate/Container/Container->build('App//Http//Contro...')
#1 E:/SEMESTER6/praktikum/modul10/2311102021_TegarAjiPangestu/FestivalMakanan/vendor/laravel/framework/src/Illuminate/Foundation/Application.php(1078): Illuminate/Container/Container->resolve('App//Http//Contro...', Array, true)
#2 E:/SEMESTER6/praktikum/modul10/2311102021_TegarAjiPangestu/FestivalMakanan/vendor/laravel/framework/src/Illuminate/Container/Container.php(864): Illuminate/Foundation/Application->resolve('App//Http//Contro...', Array)
#3 E:/SEMESTER6/praktikum/modul10/2311102021_TegarAjiPangestu/FestivalMakanan/vendor/laravel/framework/src/Illuminate/Foundation/Application.php(1058): Illuminate/Container/Container->make('App//Http//Contro...', Array)
#4 E:/SEMESTER6/praktikum/modul10/2311102021_TegarAjiPangestu/FestivalMakanan/vendor/laravel/framework/src/Illuminate/Routing/Route.php(286): Illuminate/Foundation/Application->make('App//Http//Contro...')
#5 E:/SEMESTER6/praktikum/modul10/2311102021_TegarAjiPangestu/FestivalMakanan/vendor/laravel/framework/src/Illuminate/Routing/Route.php(266): Illuminate/Routing/Route->getController()
#6 E:/SEMESTER6/praktikum/modul10/2311102021_TegarAjiPangestu/FestivalMakanan/vendor/laravel/framework/src/Illuminate/Routing/Route.php(211): Illuminate/Routing/Route->runController()
#7 E:/SEMESTER6/praktikum/modul10/2311102021_TegarAjiPangestu/FestivalMakanan/vendor/laravel/framework/src/Illuminate/Routing/Router.php(822): Illuminate/Routing/Route->run()
#8 E:/SEMESTER6/praktikum/modul10/2311102021_TegarAjiPangestu/FestivalMakanan/vendor/laravel/framework/src/Illuminate/Pipeline/Pipeline.php(180): Illuminate/Routing/Router->Illuminate/Routing/{closure}(Object(Illuminate/Http/Request))
#9 E:/SEMESTER6/praktikum/modul10/2311102021_TegarAjiPangestu/FestivalMakanan/vendor/laravel/framework/src/Illuminate/Routing/Middleware/SubstituteBindings.php(50): Illuminate/Pipeline/Pipeline->Illuminate/Pipeline/{closure}(Object(Illuminate/Http/Request))
#10 E:/SEMESTER6/praktikum/modul10/2311102021_TegarAjiPangestu/FestivalMakanan/vendor/laravel/framework/src/Illuminate/Pipeline/Pipeline.php(219): Illuminate/Routing/Middleware/SubstituteBindings->handle(Object(Illuminate/Http/Request), Object(Closure))
#11 E:/SEMESTER6/praktikum/modul10/2311102021_TegarAjiPangestu/FestivalMakanan/vendor/laravel/framework/src/Illuminate/Foundation/Http/Middleware/VerifyCsrfToken.php(87): Illuminate/Pipeline/Pipeline->Illuminate/Pipeline/{closure}(Object(Illuminate/Http/Request))
#12 E:/SEMESTER6/praktikum/modul10/2311102021_TegarAjiPangestu/FestivalMakanan/vendor/laravel/framework/src/Illuminate/Pipeline/Pipeline.php(219): Illuminate/Foundation/Http/Middleware/VerifyCsrfToken->handle(Object(Illuminate/Http/Request), Object(Closure))
#13 E:/SEMESTER6/praktikum/modul10/2311102021_TegarAjiPangestu/FestivalMakanan/vendor/laravel/framework/src/Illuminate/View/Middleware/ShareErrorsFromSession.php(48): Illuminate/Pipeline/Pipeline->Illuminate/Pipeline/{closure}(Object(Illuminate/Http/Request))
#14 E:/SEMESTER6/praktikum/modul10/2311102021_TegarAjiPangestu/FestivalMakanan/vendor/laravel/framework/src/Illuminate/Pipeline/Pipeline.php(219): Illuminate/View/Middleware/ShareErrorsFromSession->handle(Object(Illuminate/Http/Request), Object(Closure))
#15 E:/SEMESTER6/praktikum/modul10/2311102021_TegarAjiPangestu/FestivalMakanan/vendor/laravel/framework/src/Illuminate/Session/Middleware/StartSession.php(120): Illuminate/Pipeline/Pipeline->Illuminate/Pipeline/{closure}(Object(Illuminate/Http/Request))
#16 E:/SEMESTER6/praktikum/modul10/2311102021_TegarAjiPangestu/FestivalMakanan/vendor/laravel/framework/src/Illuminate/Session/Middleware/StartSession.php(63): Illuminate/Session/Middleware/StartSession->handleStatefulRequest(Object(Illuminate/Http/Request), Object(Illuminate/Session/Store), Object(Closure))
#17 E:/SEMESTER6/praktikum/modul10/2311102021_TegarAjiPangestu/FestivalMakanan/vendor/laravel/framework/src/Illuminate/Pipeline/Pipeline.php(219): Illuminate/Session/Middleware/StartSession->handle(Object(Illuminate/Http/Request), Object(Closure))
#18 E:/SEMESTER6/praktikum/modul10/2311102021_TegarAjiPangestu/FestivalMakanan/vendor/laravel/framework/src/Illuminate/Cookie/Middleware/AddQueuedCookiesToResponse.php(36): Illuminate/Pipeline/Pipeline->Illuminate/Pipeline/{closure}(Object(Illuminate/Http/Request))
#19 E:/SEMESTER6/praktikum/modul10/2311102021_TegarAjiPangestu/FestivalMakanan/vendor/laravel/framework/src/Illuminate/Pipeline/Pipeline.php(219): Illuminate/Cookie/Middleware/AddQueuedCookiesToResponse->handle(Object(Illuminate/Http/Request), Object(Closure))
#20 E:/SEMESTER6/praktikum/modul10/2311102021_TegarAjiPangestu/FestivalMakanan/vendor/laravel/framework/src/Illuminate/Cookie/Middleware/EncryptCookies.php(74): Illuminate/Pipeline/Pipeline->Illuminate/Pipeline/{closure}(Object(Illuminate/Http/Request))
#21 E:/SEMESTER6/praktikum/modul10/2311102021_TegarAjiPangestu/FestivalMakanan/vendor/laravel/framework/src/Illuminate/Pipeline/Pipeline.php(219): Illuminate/Cookie/Middleware/EncryptCookies->handle(Object(Illuminate/Http/Request), Object(Closure))
#22 E:/SEMESTER6/praktikum/modul10/2311102021_TegarAjiPangestu/FestivalMakanan/vendor/laravel/framework/src/Illuminate/Pipeline/Pipeline.php(137): Illuminate/Pipeline/Pipeline->Illuminate/Pipeline/{closure}(Object(Illuminate/Http/Request))
#23 E:/SEMESTER6/praktikum/modul10/2311102021_TegarAjiPangestu/FestivalMakanan/vendor/laravel/framework/src/Illuminate/Routing/Router.php(821): Illuminate/Pipeline/Pipeline->then(Object(Closure))
#24 E:/SEMESTER6/praktikum/modul10/2311102021_TegarAjiPangestu/FestivalMakanan/vendor/laravel/framework/src/Illuminate/Routing/Router.php(800): Illuminate/Routing/Router->runRouteWithinStack(Object(Illuminate/Routing/Route), Object(Illuminate/Http/Request))
#25 E:/SEMESTER6/praktikum/modul10/2311102021_TegarAjiPangestu/FestivalMakanan/vendor/laravel/framework/src/Illuminate/Routing/Router.php(764): Illuminate/Routing/Router->runRoute(Object(Illuminate/Http/Request), Object(Illuminate/Routing/Route))
#26 E:/SEMESTER6/praktikum/modul10/2311102021_TegarAjiPangestu/FestivalMakanan/vendor/laravel/framework/src/Illuminate/Routing/Router.php(753): Illuminate/Routing/Router->dispatchToRoute(Object(Illuminate/Http/Request))
#27 E:/SEMESTER6/praktikum/modul10/2311102021_TegarAjiPangestu/FestivalMakanan/vendor/laravel/framework/src/Illuminate/Foundation/Http/Kernel.php(200): Illuminate/Routing/Router->dispatch(Object(Illuminate/Http/Request))
#28 E:/SEMESTER6/praktikum/modul10/2311102021_TegarAjiPangestu/FestivalMakanan/vendor/laravel/framework/src/Illuminate/Pipeline/Pipeline.php(180): Illuminate/Foundation/Http/Kernel->Illuminate/Foundation/Http/{closure}(Object(Illuminate/Http/Request))
#29 E:/SEMESTER6/praktikum/modul10/2311102021_TegarAjiPangestu/FestivalMakanan/vendor/laravel/framework/src/Illuminate/Foundation/Http/Middleware/TransformsRequest.php(21): Illuminate/Pipeline/Pipeline->Illuminate/Pipeline/{closure}(Object(Illuminate/Http/Request))
#30 E:/SEMESTER6/praktikum/modul10/2311102021_TegarAjiPangestu/FestivalMakanan/vendor/laravel/framework/src/Illuminate/Foundation/Http/Middleware/ConvertEmptyStringsToNull.php(31): Illuminate/Foundation/Http/Middleware/TransformsRequest->handle(Object(Illuminate/Http/Request), Object(Closure))
#31 E:/SEMESTER6/praktikum/modul10/2311102021_TegarAjiPangestu/FestivalMakanan/vendor/laravel/framework/src/Illuminate/Pipeline/Pipeline.php(219): Illuminate/Foundation/Http/Middleware/ConvertEmptyStringsToNull->handle(Object(Illuminate/Http/Request), Object(Closure))
#32 E:/SEMESTER6/praktikum/modul10/2311102021_TegarAjiPangestu/FestivalMakanan/vendor/laravel/framework/src/Illuminate/Foundation/Http/Middleware/TransformsRequest.php(21): Illuminate/Pipeline/Pipeline->Illuminate/Pipeline/{closure}(Object(Illuminate/Http/Request))
#33 E:/SEMESTER6/praktikum/modul10/2311102021_TegarAjiPangestu/FestivalMakanan/vendor/laravel/framework/src/Illuminate/Foundation/Http/Middleware/TrimStrings.php(51): Illuminate/Foundation/Http/Middleware/TransformsRequest->handle(Object(Illuminate/Http/Request), Object(Closure))
#34 E:/SEMESTER6/praktikum/modul10/2311102021_TegarAjiPangestu/FestivalMakanan/vendor/laravel/framework/src/Illuminate/Pipeline/Pipeline.php(219): Illuminate/Foundation/Http/Middleware/TrimStrings->handle(Object(Illuminate/Http/Request), Object(Closure))
#35 E:/SEMESTER6/praktikum/modul10/2311102021_TegarAjiPangestu/FestivalMakanan/vendor/laravel/framework/src/Illuminate/Http/Middleware/ValidatePostSize.php(27): Illuminate/Pipeline/Pipeline->Illuminate/Pipeline/{closure}(Object(Illuminate/Http/Request))
#36 E:/SEMESTER6/praktikum/modul10/2311102021_TegarAjiPangestu/FestivalMakanan/vendor/laravel/framework/src/Illuminate/Pipeline/Pipeline.php(219): Illuminate/Http/Middleware/ValidatePostSize->handle(Object(Illuminate/Http/Request), Object(Closure))
#37 E:/SEMESTER6/praktikum/modul10/2311102021_TegarAjiPangestu/FestivalMakanan/vendor/laravel/framework/src/Illuminate/Foundation/Http/Middleware/PreventRequestsDuringMaintenance.php(109): Illuminate/Pipeline/Pipeline->Illuminate/Pipeline/{closure}(Object(Illuminate/Http/Request))
#38 E:/SEMESTER6/praktikum/modul10/2311102021_TegarAjiPangestu/FestivalMakanan/vendor/laravel/framework/src/Illuminate/Pipeline/Pipeline.php(219): Illuminate/Foundation/Http/Middleware/PreventRequestsDuringMaintenance->handle(Object(Illuminate/Http/Request), Object(Closure))
#39 E:/SEMESTER6/praktikum/modul10/2311102021_TegarAjiPangestu/FestivalMakanan/vendor/laravel/framework/src/Illuminate/Http/Middleware/HandleCors.php(61): Illuminate/Pipeline/Pipeline->Illuminate/Pipeline/{closure}(Object(Illuminate/Http/Request))
#40 E:/SEMESTER6/praktikum/modul10/2311102021_TegarAjiPangestu/FestivalMakanan/vendor/laravel/framework/src/Illuminate/Pipeline/Pipeline.php(219): Illuminate/Http/Middleware/HandleCors->handle(Object(Illuminate/Http/Request), Object(Closure))
#41 E:/SEMESTER6/praktikum/modul10/2311102021_TegarAjiPangestu/FestivalMakanan/vendor/laravel/framework/src/Illuminate/Http/Middleware/TrustProxies.php(58): Illuminate/Pipeline/Pipeline->Illuminate/Pipeline/{closure}(Object(Illuminate/Http/Request))
#42 E:/SEMESTER6/praktikum/modul10/2311102021_TegarAjiPangestu/FestivalMakanan/vendor/laravel/framework/src/Illuminate/Pipeline/Pipeline.php(219): Illuminate/Http/Middleware/TrustProxies->handle(Object(Illuminate/Http/Request), Object(Closure))
#43 E:/SEMESTER6/praktikum/modul10/2311102021_TegarAjiPangestu/FestivalMakanan/vendor/laravel/framework/src/Illuminate/Foundation/Http/Middleware/InvokeDeferredCallbacks.php(22): Illuminate/Pipeline/Pipeline->Illuminate/Pipeline/{closure}(Object(Illuminate/Http/Request))
#44 E:/SEMESTER6/praktikum/modul10/2311102021_TegarAjiPangestu/FestivalMakanan/vendor/laravel/framework/src/Illuminate/Pipeline/Pipeline.php(219): Illuminate/Foundation/Http/Middleware/InvokeDeferredCallbacks->handle(Object(Illuminate/Http/Request), Object(Closure))
#45 E:/SEMESTER6/praktikum/modul10/2311102021_TegarAjiPangestu/FestivalMakanan/vendor/laravel/framework/src/Illuminate/Http/Middleware/ValidatePathEncoding.php(26): Illuminate/Pipeline/Pipeline->Illuminate/Pipeline/{closure}(Object(Illuminate/Http/Request))
#46 E:/SEMESTER6/praktikum/modul10/2311102021_TegarAjiPangestu/FestivalMakanan/vendor/laravel/framework/src/Illuminate/Pipeline/Pipeline.php(219): Illuminate/Http/Middleware/ValidatePathEncoding->handle(Object(Illuminate/Http/Request), Object(Closure))
#47 E:/SEMESTER6/praktikum/modul10/2311102021_TegarAjiPangestu/FestivalMakanan/vendor/laravel/framework/src/Illuminate/Pipeline/Pipeline.php(137): Illuminate/Pipeline/Pipeline->Illuminate/Pipeline/{closure}(Object(Illuminate/Http/Request))
#48 E:/SEMESTER6/praktikum/modul10/2311102021_TegarAjiPangestu/FestivalMakanan/vendor/laravel/framework/src/Illuminate/Foundation/Http/Kernel.php(175): Illuminate/Pipeline/Pipeline->then(Object(Closure))
#49 E:/SEMESTER6/praktikum/modul10/2311102021_TegarAjiPangestu/FestivalMakanan/vendor/laravel/framework/src/Illuminate/Foundation/Http/Kernel.php(144): Illuminate/Foundation/Http/Kernel->sendRequestThroughRouter(Object(Illuminate/Http/Request))
#50 E:/SEMESTER6/praktikum/modul10/2311102021_TegarAjiPangestu/FestivalMakanan/vendor/laravel/framework/src/Illuminate/Foundation/Application.php(1220): Illuminate/Foundation/Http/Kernel->handle(Object(Illuminate/Http/Request))
#51 E:/SEMESTER6/praktikum/modul10/2311102021_TegarAjiPangestu/FestivalMakanan/public/index.php(20): Illuminate/Foundation/Application->handleRequest(Object(Illuminate/Http/Request))
#52 E:/SEMESTER6/praktikum/modul10/2311102021_TegarAjiPangestu/FestivalMakanan/vendor/laravel/framework/src/Illuminate/Foundation/resources/server.php(23): require_once('E://SEMESTER6//pr...')
#53 {main}

[previous exception] [object] (ReflectionException(code: -1): Class \"App\\Http\\Controllers\\ProductController\" does not exist at E:/SEMESTER6/praktikum/modul10/2311102021_TegarAjiPangestu/FestivalMakanan/vendor/laravel/framework/src/Illuminate/Container/Container.php:1122)
[stacktrace]
#0 E:/SEMESTER6/praktikum/modul10/2311102021_TegarAjiPangestu/FestivalMakanan/vendor/laravel/framework/src/Illuminate/Container/Container.php(1122): ReflectionClass->__construct('App//Http//Contro...')
#1 E:/SEMESTER6/praktikum/modul10/2311102021_TegarAjiPangestu/FestivalMakanan/vendor/laravel/framework/src/Illuminate/Container/Container.php(933): Illuminate/Container/Container->build('App//Http//Contro...')
#2 E:/SEMESTER6/praktikum/modul10/2311102021_TegarAjiPangestu/FestivalMakanan/vendor/laravel/framework/src/Illuminate/Foundation/Application.php(1078): Illuminate/Container/Container->resolve('App//Http//Contro...', Array, true)
#3 E:/SEMESTER6/praktikum/modul10/2311102021_TegarAjiPangestu/FestivalMakanan/vendor/laravel/framework/src/Illuminate/Container/Container.php(864): Illuminate/Foundation/Application->resolve('App//Http//Contro...', Array)
#4 E:/SEMESTER6/praktikum/modul10/2311102021_TegarAjiPangestu/FestivalMakanan/vendor/laravel/framework/src/Illuminate/Foundation/Application.php(1058): Illuminate/Container/Container->make('App//Http//Contro...', Array)
#5 E:/SEMESTER6/praktikum/modul10/2311102021_TegarAjiPangestu/FestivalMakanan/vendor/laravel/framework/src/Illuminate/Routing/Route.php(286): Illuminate/Foundation/Application->make('App//Http//Contro...')
#6 E:/SEMESTER6/praktikum/modul10/2311102021_TegarAjiPangestu/FestivalMakanan/vendor/laravel/framework/src/Illuminate/Routing/Route.php(266): Illuminate/Routing/Route->getController()
#7 E:/SEMESTER6/praktikum/modul10/2311102021_TegarAjiPangestu/FestivalMakanan/vendor/laravel/framework/src/Illuminate/Routing/Route.php(211): Illuminate/Routing/Route->runController()
#8 E:/SEMESTER6/praktikum/modul10/2311102021_TegarAjiPangestu/FestivalMakanan/vendor/laravel/framework/src/Illuminate/Routing/Router.php(822): Illuminate/Routing/Route->run()
#9 E:/SEMESTER6/praktikum/modul10/2311102021_TegarAjiPangestu/FestivalMakanan/vendor/laravel/framework/src/Illuminate/Pipeline/Pipeline.php(180): Illuminate/Routing/Router->Illuminate/Routing/{closure}(Object(Illuminate/Http/Request))
#10 E:/SEMESTER6/praktikum/modul10/2311102021_TegarAjiPangestu/FestivalMakanan/vendor/laravel/framework/src/Illuminate/Routing/Middleware/SubstituteBindings.php(50): Illuminate/Pipeline/Pipeline->Illuminate/Pipeline/{closure}(Object(Illuminate/Http/Request))
#11 E:/SEMESTER6/praktikum/modul10/2311102021_TegarAjiPangestu/FestivalMakanan/vendor/laravel/framework/src/Illuminate/Pipeline/Pipeline.php(219): Illuminate/Routing/Middleware/SubstituteBindings->handle(Object(Illuminate/Http/Request), Object(Closure))
#12 E:/SEMESTER6/praktikum/modul10/2311102021_TegarAjiPangestu/FestivalMakanan/vendor/laravel/framework/src/Illuminate/Foundation/Http/Middleware/VerifyCsrfToken.php(87): Illuminate/Pipeline/Pipeline->Illuminate/Pipeline/{closure}(Object(Illuminate/Http/Request))
#13 E:/SEMESTER6/praktikum/modul10/2311102021_TegarAjiPangestu/FestivalMakanan/vendor/laravel/framework/src/Illuminate/Pipeline/Pipeline.php(219): Illuminate/Foundation/Http/Middleware/VerifyCsrfToken->handle(Object(Illuminate/Http/Request), Object(Closure))
#14 E:/SEMESTER6/praktikum/modul10/2311102021_TegarAjiPangestu/FestivalMakanan/vendor/laravel/framework/src/Illuminate/View/Middleware/ShareErrorsFromSession.php(48): Illuminate/Pipeline/Pipeline->Illuminate/Pipeline/{closure}(Object(Illuminate/Http/Request))
#15 E:/SEMESTER6/praktikum/modul10/2311102021_TegarAjiPangestu/FestivalMakanan/vendor/laravel/framework/src/Illuminate/Pipeline/Pipeline.php(219): Illuminate/View/Middleware/ShareErrorsFromSession->handle(Object(Illuminate/Http/Request), Object(Closure))
#16 E:/SEMESTER6/praktikum/modul10/2311102021_TegarAjiPangestu/FestivalMakanan/vendor/laravel/framework/src/Illuminate/Session/Middleware/StartSession.php(120): Illuminate/Pipeline/Pipeline->Illuminate/Pipeline/{closure}(Object(Illuminate/Http/Request))
#17 E:/SEMESTER6/praktikum/modul10/2311102021_TegarAjiPangestu/FestivalMakanan/vendor/laravel/framework/src/Illuminate/Session/Middleware/StartSession.php(63): Illuminate/Session/Middleware/StartSession->handleStatefulRequest(Object(Illuminate/Http/Request), Object(Illuminate/Session/Store), Object(Closure))
#18 E:/SEMESTER6/praktikum/modul10/2311102021_TegarAjiPangestu/FestivalMakanan/vendor/laravel/framework/src/Illuminate/Pipeline/Pipeline.php(219): Illuminate/Session/Middleware/StartSession->handle(Object(Illuminate/Http/Request), Object(Closure))
#19 E:/SEMESTER6/praktikum/modul10/2311102021_TegarAjiPangestu/FestivalMakanan/vendor/laravel/framework/src/Illuminate/Cookie/Middleware/AddQueuedCookiesToResponse.php(36): Illuminate/Pipeline/Pipeline->Illuminate/Pipeline/{closure}(Object(Illuminate/Http/Request))
#20 E:/SEMESTER6/praktikum/modul10/2311102021_TegarAjiPangestu/FestivalMakanan/vendor/laravel/framework/src/Illuminate/Pipeline/Pipeline.php(219): Illuminate/Cookie/Middleware/AddQueuedCookiesToResponse->handle(Object(Illuminate/Http/Request), Object(Closure))
#21 E:/SEMESTER6/praktikum/modul10/2311102021_TegarAjiPangestu/FestivalMakanan/vendor/laravel/framework/src/Illuminate/Cookie/Middleware/EncryptCookies.php(74): Illuminate/Pipeline/Pipeline->Illuminate/Pipeline/{closure}(Object(Illuminate/Http/Request))
#22 E:/SEMESTER6/praktikum/modul10/2311102021_TegarAjiPangestu/FestivalMakanan/vendor/laravel/framework/src/Illuminate/Pipeline/Pipeline.php(219): Illuminate/Cookie/Middleware/EncryptCookies->handle(Object(Illuminate/Http/Request), Object(Closure))
#23 E:/SEMESTER6/praktikum/modul10/2311102021_TegarAjiPangestu/FestivalMakanan/vendor/laravel/framework/src/Illuminate/Pipeline/Pipeline.php(137): Illuminate/Pipeline/Pipeline->Illuminate/Pipeline/{closure}(Object(Illuminate/Http/Request))
#24 E:/SEMESTER6/praktikum/modul10/2311102021_TegarAjiPangestu/FestivalMakanan/vendor/laravel/framework/src/Illuminate/Routing/Router.php(821): Illuminate/Pipeline/Pipeline->then(Object(Closure))
#25 E:/SEMESTER6/praktikum/modul10/2311102021_TegarAjiPangestu/FestivalMakanan/vendor/laravel/framework/src/Illuminate/Routing/Router.php(800): Illuminate/Routing/Router->runRouteWithinStack(Object(Illuminate/Routing/Route), Object(Illuminate/Http/Request))
#26 E:/SEMESTER6/praktikum/modul10/2311102021_TegarAjiPangestu/FestivalMakanan/vendor/laravel/framework/src/Illuminate/Routing/Router.php(764): Illuminate/Routing/Router->runRoute(Object(Illuminate/Http/Request), Object(Illuminate/Routing/Route))
#27 E:/SEMESTER6/praktikum/modul10/2311102021_TegarAjiPangestu/FestivalMakanan/vendor/laravel/framework/src/Illuminate/Routing/Router.php(753): Illuminate/Routing/Router->dispatchToRoute(Object(Illuminate/Http/Request))
#28 E:/SEMESTER6/praktikum/modul10/2311102021_TegarAjiPangestu/FestivalMakanan/vendor/laravel/framework/src/Illuminate/Foundation/Http/Kernel.php(200): Illuminate/Routing/Router->dispatch(Object(Illuminate/Http/Request))
#29 E:/SEMESTER6/praktikum/modul10/2311102021_TegarAjiPangestu/FestivalMakanan/vendor/laravel/framework/src/Illuminate/Pipeline/Pipeline.php(180): Illuminate/Foundation/Http/Kernel->Illuminate/Foundation/Http/{closure}(Object(Illuminate/Http/Request))
#30 E:/SEMESTER6/praktikum/modul10/2311102021_TegarAjiPangestu/FestivalMakanan/vendor/laravel/framework/src/Illuminate/Foundation/Http/Middleware/TransformsRequest.php(21): Illuminate/Pipeline/Pipeline->Illuminate/Pipeline/{closure}(Object(Illuminate/Http/Request))
#31 E:/SEMESTER6/praktikum/modul10/2311102021_TegarAjiPangestu/FestivalMakanan/vendor/laravel/framework/src/Illuminate/Foundation/Http/Middleware/ConvertEmptyStringsToNull.php(31): Illuminate/Foundation/Http/Middleware/TransformsRequest->handle(Object(Illuminate/Http/Request), Object(Closure))
#32 E:/SEMESTER6/praktikum/modul10/2311102021_TegarAjiPangestu/FestivalMakanan/vendor/laravel/framework/src/Illuminate/Pipeline/Pipeline.php(219): Illuminate/Foundation/Http/Middleware/ConvertEmptyStringsToNull->handle(Object(Illuminate/Http/Request), Object(Closure))
#33 E:/SEMESTER6/praktikum/modul10/2311102021_TegarAjiPangestu/FestivalMakanan/vendor/laravel/framework/src/Illuminate/Foundation/Http/Middleware/TransformsRequest.php(21): Illuminate/Pipeline/Pipeline->Illuminate/Pipeline/{closure}(Object(Illuminate/Http/Request))
#34 E:/SEMESTER6/praktikum/modul10/2311102021_TegarAjiPangestu/FestivalMakanan/vendor/laravel/framework/src/Illuminate/Foundation/Http/Middleware/TrimStrings.php(51): Illuminate/Foundation/Http/Middleware/TransformsRequest->handle(Object(Illuminate/Http/Request), Object(Closure))
#35 E:/SEMESTER6/praktikum/modul10/2311102021_TegarAjiPangestu/FestivalMakanan/vendor/laravel/framework/src/Illuminate/Pipeline/Pipeline.php(219): Illuminate/Foundation/Http/Middleware/TrimStrings->handle(Object(Illuminate/Http/Request), Object(Closure))
#36 E:/SEMESTER6/praktikum/modul10/2311102021_TegarAjiPangestu/FestivalMakanan/vendor/laravel/framework/src/Illuminate/Http/Middleware/ValidatePostSize.php(27): Illuminate/Pipeline/Pipeline->Illuminate/Pipeline/{closure}(Object(Illuminate/Http/Request))
#37 E:/SEMESTER6/praktikum/modul10/2311102021_TegarAjiPangestu/FestivalMakanan/vendor/laravel/framework/src/Illuminate/Pipeline/Pipeline.php(219): Illuminate/Http/Middleware/ValidatePostSize->handle(Object(Illuminate/Http/Request), Object(Closure))
#38 E:/SEMESTER6/praktikum/modul10/2311102021_TegarAjiPangestu/FestivalMakanan/vendor/laravel/framework/src/Illuminate/Foundation/Http/Middleware/PreventRequestsDuringMaintenance.php(109): Illuminate/Pipeline/Pipeline->Illuminate/Pipeline/{closure}(Object(Illuminate/Http/Request))
#39 E:/SEMESTER6/praktikum/modul10/2311102021_TegarAjiPangestu/FestivalMakanan/vendor/laravel/framework/src/Illuminate/Pipeline/Pipeline.php(219): Illuminate/Foundation/Http/Middleware/PreventRequestsDuringMaintenance->handle(Object(Illuminate/Http/Request), Object(Closure))
#40 E:/SEMESTER6/praktikum/modul10/2311102021_TegarAjiPangestu/FestivalMakanan/vendor/laravel/framework/src/Illuminate/Http/Middleware/HandleCors.php(61): Illuminate/Pipeline/Pipeline->Illuminate/Pipeline/{closure}(Object(Illuminate/Http/Request))
#41 E:/SEMESTER6/praktikum/modul10/2311102021_TegarAjiPangestu/FestivalMakanan/vendor/laravel/framework/src/Illuminate/Pipeline/Pipeline.php(219): Illuminate/Http/Middleware/HandleCors->handle(Object(Illuminate/Http/Request), Object(Closure))
#42 E:/SEMESTER6/praktikum/modul10/2311102021_TegarAjiPangestu/FestivalMakanan/vendor/laravel/framework/src/Illuminate/Http/Middleware/TrustProxies.php(58): Illuminate/Pipeline/Pipeline->Illuminate/Pipeline/{closure}(Object(Illuminate/Http/Request))
#43 E:/SEMESTER6/praktikum/modul10/2311102021_TegarAjiPangestu/FestivalMakanan/vendor/laravel/framework/src/Illuminate/Pipeline/Pipeline.php(219): Illuminate/Http/Middleware/TrustProxies->handle(Object(Illuminate/Http/Request), Object(Closure))
#44 E:/SEMESTER6/praktikum/modul10/2311102021_TegarAjiPangestu/FestivalMakanan/vendor/laravel/framework/src/Illuminate/Foundation/Http/Middleware/InvokeDeferredCallbacks.php(22): Illuminate/Pipeline/Pipeline->Illuminate/Pipeline/{closure}(Object(Illuminate/Http/Request))
#45 E:/SEMESTER6/praktikum/modul10/2311102021_TegarAjiPangestu/FestivalMakanan/vendor/laravel/framework/src/Illuminate/Pipeline/Pipeline.php(219): Illuminate/Foundation/Http/Middleware/InvokeDeferredCallbacks->handle(Object(Illuminate/Http/Request), Object(Closure))
#46 E:/SEMESTER6/praktikum/modul10/2311102021_TegarAjiPangestu/FestivalMakanan/vendor/laravel/framework/src/Illuminate/Http/Middleware/ValidatePathEncoding.php(26): Illuminate/Pipeline/Pipeline->Illuminate/Pipeline/{closure}(Object(Illuminate/Http/Request))
#47 E:/SEMESTER6/praktikum/modul10/2311102021_TegarAjiPangestu/FestivalMakanan/vendor/laravel/framework/src/Illuminate/Pipeline/Pipeline.php(219): Illuminate/Http/Middleware/ValidatePathEncoding->handle(Object(Illuminate/Http/Request), Object(Closure))
#48 E:/SEMESTER6/praktikum/modul10/2311102021_TegarAjiPangestu/FestivalMakanan/vendor/laravel/framework/src/Illuminate/Pipeline/Pipeline.php(137): Illuminate/Pipeline/Pipeline->Illuminate/Pipeline/{closure}(Object(Illuminate/Http/Request))
#49 E:/SEMESTER6/praktikum/modul10/2311102021_TegarAjiPangestu/FestivalMakanan/vendor/laravel/framework/src/Illuminate/Foundation/Http/Kernel.php(175): Illuminate/Pipeline/Pipeline->then(Object(Closure))
#50 E:/SEMESTER6/praktikum/modul10/2311102021_TegarAjiPangestu/FestivalMakanan/vendor/laravel/framework/src/Illuminate/Foundation/Http/Kernel.php(144): Illuminate/Foundation/Http/Kernel->sendRequestThroughRouter(Object(Illuminate/Http/Request))
#51 E:/SEMESTER6/praktikum/modul10/2311102021_TegarAjiPangestu/FestivalMakanan/vendor/laravel/framework/src/Illuminate/Foundation/Application.php(1220): Illuminate/Foundation/Http/Kernel->handle(Object(Illuminate/Http/Request))
#52 E:/SEMESTER6/praktikum/modul10/2311102021_TegarAjiPangestu/FestivalMakanan/public/index.php(20): Illuminate/Foundation/Application->handleRequest(Object(Illuminate/Http/Request))
#53 E:/SEMESTER6/praktikum/modul10/2311102021_TegarAjiPangestu/FestivalMakanan/vendor/laravel/framework/src/Illuminate/Foundation/resources/server.php(23): require_once('E://SEMESTER6//pr...')
#54 {main}
"} 
